<html>
<body>
<pre>
<h1>礦ision Build Log</h1>
<h2>Tool Versions:</h2>
IDE-Version: μVision V5.27.1.0
Copyright (C) 2019 ARM Ltd and ARM Germany GmbH. All rights reserved.
License Information: 111 qqq333, 123, LIC=KRMW3-A9AXR-HLJCL-04XJ3-TL52H-QTC87
 
Tool Versions:
Toolchain:       MDK-ARM Plus  Version: 5.27.1.0
Toolchain Path:  D:\KEIL_5\ARM\ARMCC\Bin
C Compiler:      Armcc.exe V5.06 update 6 (build 750)
Assembler:       Armasm.exe V5.06 update 6 (build 750)
Linker/Locator:  ArmLink.exe V5.06 update 6 (build 750)
Library Manager: ArmAr.exe V5.06 update 6 (build 750)
Hex Converter:   FromElf.exe V5.06 update 6 (build 750)
CPU DLL:         SARMCM3.DLL V5.27.1.0
Dialog DLL:      DCM.DLL V1.17.2.0
Target DLL:      UL2CM3.DLL V1.162.15.0
Dialog DLL:      TCM.DLL V1.36.1.0
 
<h2>Project:</h2>
D:\我的资料\入职\4.2\1.远程视频寻迹避障智能小车\4.实训每天具体资料\1.智能车（项目介绍以及环境搭建）信盈达\源码\STM32F10x_StdPeriph_Lib_V3.5.0\Project\STM32F10x_StdPeriph_Template\MDK-ARM\Project.uvprojx
Project File Date:  05/25/2025

<h2>Output:</h2>
*** Using Compiler 'V5.06 update 6 (build 750)', folder: 'D:\KEIL_5\ARM\ARMCC\Bin'
Build target 'STM32100E-EVAL'
compiling stm32f10x_it.c...
compiling stm32f10x_exti.c...
compiling misc.c...
compiling stm32f10x_dma.c...
compiling main.c...
compiling stm32f10x_sdio.c...
compiling stm32f10x_spi.c...
compiling stm32f10x_usart.c...
compiling stm32f10x_gpio.c...
compiling stm32f10x_rcc.c...
compiling stm32f10x_fsmc.c...
compiling stm32f10x_i2c.c...
compiling stm32f10x_bkp.c...
compiling stm32f10x_crc.c...
compiling stm32f10x_dbgmcu.c...
compiling stm32f10x_iwdg.c...
compiling stm32f10x_cec.c...
compiling stm32f10x_adc.c...
compiling stm32f10x_pwr.c...
compiling stm32f10x_dac.c...
compiling stm32f10x_can.c...
compiling stm32f10x_flash.c...
compiling core_cm3.c...
compiling stm32f10x_rtc.c...
compiling stm32f10x_wwdg.c...
compiling system_stm32f10x.c...
compiling stm32_eval.c...
assembling startup_stm32f10x_hd_vl.s...
compiling stm32_eval_spi_flash.c...
compiling stm32_eval_spi_sd.c...
compiling stm32f10x_tim.c...
compiling stm32100e_eval_ioe.c...
compiling stm32_eval_i2c_tsensor.c...
compiling stm32100e_eval_lcd.c...
compiling stm32100e_eval_fsmc_onenand.c...
compiling stm32100e_eval_fsmc_sram.c...
compiling stm32100e_eval_cec.c...
linking...
Program Size: Code=1244 RO-data=588 RW-data=96 ZI-data=1040  
".\STM32100E-EVAL\STM32100E-EVAL.axf" - 0 Error(s), 0 Warning(s).

<h2>Software Packages used:</h2>

Package Vendor: ARM
                http://www.keil.com/pack/ARM.CMSIS.5.5.1.pack
                ARM.CMSIS.5.5.1
                CMSIS (Cortex Microcontroller Software Interface Standard)
   * Component: CORE Version: 5.2.0

Package Vendor: Keil
                http://www.keil.com/pack/Keil.STM32F1xx_DFP.1.0.5.pack
                Keil.STM32F1xx_DFP.1.0.5
                STMicroelectronics STM32F1 Series Device Support, Drivers and Examples

<h2>Collection of Component include folders:</h2>
  .\RTE\_STM32100E-EVAL
  D:\KEIL_5\pack\ARM\CMSIS\5.5.1\CMSIS\Core\Include
  D:\KEIL_5\pack\Keil\STM32F1xx_DFP\1.0.5\Device\Include

<h2>Collection of Component Files used:</h2>

   * Component: ARM::CMSIS:CORE:5.2.0
Build Time Elapsed:  00:00:03
</pre>
</body>
</html>
