Component: ARM Compiler 5.06 update 6 (build 750) Tool: armlink [4d35ed]

==============================================================================

Section Cross References

    startup_stm32f10x_hd.o(RESET) refers to startup_stm32f10x_hd.o(STACK) for __initial_sp
    startup_stm32f10x_hd.o(RESET) refers to startup_stm32f10x_hd.o(.text) for Reset_Handler
    startup_stm32f10x_hd.o(RESET) refers to stm32f10x_it.o(i.NMI_Handler) for NMI_Handler
    startup_stm32f10x_hd.o(RESET) refers to stm32f10x_it.o(i.HardFault_Handler) for HardFault_Handler
    startup_stm32f10x_hd.o(RESET) refers to stm32f10x_it.o(i.MemManage_Handler) for MemManage_Handler
    startup_stm32f10x_hd.o(RESET) refers to stm32f10x_it.o(i.BusFault_Handler) for BusFault_Handler
    startup_stm32f10x_hd.o(RESET) refers to stm32f10x_it.o(i.UsageFault_Handler) for UsageFault_Handler
    startup_stm32f10x_hd.o(RESET) refers to stm32f10x_it.o(i.SVC_Handler) for SVC_Handler
    startup_stm32f10x_hd.o(RESET) refers to stm32f10x_it.o(i.DebugMon_Handler) for DebugMon_Handler
    startup_stm32f10x_hd.o(RESET) refers to stm32f10x_it.o(i.PendSV_Handler) for PendSV_Handler
    startup_stm32f10x_hd.o(RESET) refers to delay.o(i.SysTick_Handler) for SysTick_Handler
    startup_stm32f10x_hd.o(RESET) refers to sr04.o(i.EXTI9_5_IRQHandler) for EXTI9_5_IRQHandler
    startup_stm32f10x_hd.o(RESET) refers to sr04.o(i.TIM2_IRQHandler) for TIM2_IRQHandler
    startup_stm32f10x_hd.o(RESET) refers to xinlv.o(i.TIM3_IRQHandler) for TIM3_IRQHandler
    startup_stm32f10x_hd.o(RESET) refers to blu.o(i.USART2_IRQHandler) for USART2_IRQHandler
    startup_stm32f10x_hd.o(RESET) refers to openwrt.o(i.USART3_IRQHandler) for USART3_IRQHandler
    startup_stm32f10x_hd.o(.text) refers to system_stm32f10x.o(i.SystemInit) for SystemInit
    startup_stm32f10x_hd.o(.text) refers to entry.o(.ARM.Collect$$$$00000000) for __main
    main.o(i.main) refers to misc.o(i.NVIC_PriorityGroupConfig) for NVIC_PriorityGroupConfig
    main.o(i.main) refers to stm32f10x_rcc.o(i.RCC_APB2PeriphClockCmd) for RCC_APB2PeriphClockCmd
    main.o(i.main) refers to stm32f10x_gpio.o(i.GPIO_PinRemapConfig) for GPIO_PinRemapConfig
    main.o(i.main) refers to delay.o(i.Systick_Init) for Systick_Init
    main.o(i.main) refers to usart1.o(i.USART1_Config) for USART1_Config
    main.o(i.main) refers to lcd.o(i.LCD_Init) for LCD_Init
    main.o(i.main) refers to lcd.o(i.LCD_Clear) for LCD_Clear
    main.o(i.main) refers to steer.o(i.Steer_Init) for Steer_Init
    main.o(i.main) refers to openwrt.o(i.Usart3_Config) for Usart3_Config
    main.o(i.main) refers to openwrt.o(i.WIFI_Analysis) for WIFI_Analysis
    main.o(i.main) refers to steer.o(i.Steer_Control) for Steer_Control
    main.o(i.main) refers to delay.o(i.Delay_ms) for Delay_ms
    system_stm32f10x.o(i.SetSysClock) refers to system_stm32f10x.o(i.SetSysClockTo72) for SetSysClockTo72
    system_stm32f10x.o(i.SystemCoreClockUpdate) refers to system_stm32f10x.o(.data) for SystemCoreClock
    system_stm32f10x.o(i.SystemInit) refers to system_stm32f10x.o(i.SetSysClock) for SetSysClock
    dht11.o(i.DHT11_Config) refers to stm32f10x_rcc.o(i.RCC_APB2PeriphClockCmd) for RCC_APB2PeriphClockCmd
    dht11.o(i.DHT11_Config) refers to stm32f10x_gpio.o(i.GPIO_Init) for GPIO_Init
    dht11.o(i.Read_Dht11Data) refers to stm32f10x_gpio.o(i.GPIO_SetBits) for GPIO_SetBits
    dht11.o(i.Read_Dht11Data) refers to stm32f10x_gpio.o(i.GPIO_ResetBits) for GPIO_ResetBits
    dht11.o(i.Read_Dht11Data) refers to delay.o(i.Delay_ms) for Delay_ms
    dht11.o(i.Read_Dht11Data) refers to delay.o(i.Delay_us) for Delay_us
    dht11.o(i.Read_Dht11Data) refers to stm32f10x_gpio.o(i.GPIO_ReadInputDataBit) for GPIO_ReadInputDataBit
    dht11.o(i.Read_Dht11Data) refers to dflti.o(.text) for __aeabi_i2d
    dht11.o(i.Read_Dht11Data) refers to dmul.o(.text) for __aeabi_dmul
    dht11.o(i.Read_Dht11Data) refers to dfltui.o(.text) for __aeabi_ui2d
    dht11.o(i.Read_Dht11Data) refers to dadd.o(.text) for __aeabi_dadd
    dht11.o(i.Read_Dht11Data) refers to d2f.o(.text) for __aeabi_d2f
    usart1.o(i.USART1_Config) refers to stm32f10x_rcc.o(i.RCC_APB2PeriphClockCmd) for RCC_APB2PeriphClockCmd
    usart1.o(i.USART1_Config) refers to stm32f10x_gpio.o(i.GPIO_Init) for GPIO_Init
    usart1.o(i.USART1_Config) refers to stm32f10x_usart.o(i.USART_Init) for USART_Init
    usart1.o(i.USART1_Config) refers to stm32f10x_usart.o(i.USART_Cmd) for USART_Cmd
    usart1.o(i.USART1_Sendbyte) refers to stm32f10x_usart.o(i.USART_GetFlagStatus) for USART_GetFlagStatus
    usart1.o(i.USART1_Sendbyte) refers to stm32f10x_usart.o(i.USART_SendData) for USART_SendData
    usart1.o(i.fputc) refers to usart1.o(i.USART1_Sendbyte) for USART1_Sendbyte
    lcd.o(i.Draw_Circle) refers to lcd.o(i.LCD_DrawPoint) for LCD_DrawPoint
    lcd.o(i.LCD_Address_Set) refers to lcd.o(i.LCD_WR_REG) for LCD_WR_REG
    lcd.o(i.LCD_Address_Set) refers to lcd.o(i.LCD_WR_DATA) for LCD_WR_DATA
[...]
    Removing stm32f10x_flash.o(i.FLASH_EraseOptionBytes), (168 bytes).
    Removing stm32f10x_flash.o(i.FLASH_ErasePage), (76 bytes).
    Removing stm32f10x_flash.o(i.FLASH_GetBank1Status), (52 bytes).
    Removing stm32f10x_flash.o(i.FLASH_GetFlagStatus), (48 bytes).
    Removing stm32f10x_flash.o(i.FLASH_GetPrefetchBufferStatus), (24 bytes).
    Removing stm32f10x_flash.o(i.FLASH_GetReadOutProtectionStatus), (24 bytes).
    Removing stm32f10x_flash.o(i.FLASH_GetStatus), (52 bytes).
    Removing stm32f10x_flash.o(i.FLASH_GetUserOptionByte), (12 bytes).
    Removing stm32f10x_flash.o(i.FLASH_GetWriteProtectionOptionByte), (12 bytes).
    Removing stm32f10x_flash.o(i.FLASH_HalfCycleAccessCmd), (28 bytes).
    Removing stm32f10x_flash.o(i.FLASH_ITConfig), (32 bytes).
    Removing stm32f10x_flash.o(i.FLASH_Lock), (20 bytes).
    Removing stm32f10x_flash.o(i.FLASH_LockBank1), (20 bytes).
    Removing stm32f10x_flash.o(i.FLASH_PrefetchBufferCmd), (28 bytes).
    Removing stm32f10x_flash.o(i.FLASH_ProgramHalfWord), (64 bytes).
    Removing stm32f10x_flash.o(i.FLASH_ProgramOptionByteData), (84 bytes).
    Removing stm32f10x_flash.o(i.FLASH_ProgramWord), (108 bytes).
    Removing stm32f10x_flash.o(i.FLASH_ReadOutProtection), (172 bytes).
    Removing stm32f10x_flash.o(i.FLASH_SetLatency), (24 bytes).
    Removing stm32f10x_flash.o(i.FLASH_Unlock), (24 bytes).
    Removing stm32f10x_flash.o(i.FLASH_UnlockBank1), (24 bytes).
    Removing stm32f10x_flash.o(i.FLASH_UserOptionByteConfig), (104 bytes).
    Removing stm32f10x_flash.o(i.FLASH_WaitForLastBank1Operation), (38 bytes).
    Removing stm32f10x_flash.o(i.FLASH_WaitForLastOperation), (38 bytes).
    Removing stm32f10x_fsmc.o(.rev16_text), (4 bytes).
    Removing stm32f10x_fsmc.o(.revsh_text), (4 bytes).
    Removing stm32f10x_fsmc.o(.rrx_text), (6 bytes).
    Removing stm32f10x_fsmc.o(i.FSMC_ClearFlag), (64 bytes).
    Removing stm32f10x_fsmc.o(i.FSMC_ClearITPendingBit), (72 bytes).
    Removing stm32f10x_fsmc.o(i.FSMC_GetECC), (28 bytes).
    Removing stm32f10x_fsmc.o(i.FSMC_GetFlagStatus), (56 bytes).
    Removing stm32f10x_fsmc.o(i.FSMC_GetITStatus), (68 bytes).
    Removing stm32f10x_fsmc.o(i.FSMC_ITConfig), (128 bytes).
    Removing stm32f10x_fsmc.o(i.FSMC_NANDCmd), (92 bytes).
    Removing stm32f10x_fsmc.o(i.FSMC_NANDDeInit), (68 bytes).
    Removing stm32f10x_fsmc.o(i.FSMC_NANDECCCmd), (92 bytes).
    Removing stm32f10x_fsmc.o(i.FSMC_NANDInit), (136 bytes).
    Removing stm32f10x_fsmc.o(i.FSMC_NANDStructInit), (54 bytes).
    Removing stm32f10x_fsmc.o(i.FSMC_NORSRAMCmd), (52 bytes).
    Removing stm32f10x_fsmc.o(i.FSMC_NORSRAMDeInit), (54 bytes).
    Removing stm32f10x_fsmc.o(i.FSMC_NORSRAMInit), (230 bytes).
    Removing stm32f10x_fsmc.o(i.FSMC_NORSRAMStructInit), (114 bytes).
    Removing stm32f10x_fsmc.o(i.FSMC_PCCARDCmd), (48 bytes).
    Removing stm32f10x_fsmc.o(i.FSMC_PCCARDDeInit), (40 bytes).
    Removing stm32f10x_fsmc.o(i.FSMC_PCCARDInit), (132 bytes).
    Removing stm32f10x_fsmc.o(i.FSMC_PCCARDStructInit), (60 bytes).
    Removing stm32f10x_gpio.o(.rev16_text), (4 bytes).
    Removing stm32f10x_gpio.o(.revsh_text), (4 bytes).
    Removing stm32f10x_gpio.o(.rrx_text), (6 bytes).
    Removing stm32f10x_gpio.o(i.GPIO_AFIODeInit), (20 bytes).
    Removing stm32f10x_gpio.o(i.GPIO_DeInit), (200 bytes).
    Removing stm32f10x_gpio.o(i.GPIO_ETH_MediaInterfaceConfig), (12 bytes).
    Removing stm32f10x_gpio.o(i.GPIO_EXTILineConfig), (64 bytes).
    Removing stm32f10x_gpio.o(i.GPIO_EventOutputCmd), (12 bytes).
    Removing stm32f10x_gpio.o(i.GPIO_EventOutputConfig), (32 bytes).
    Removing stm32f10x_gpio.o(i.GPIO_PinLockConfig), (18 bytes).
    Removing stm32f10x_gpio.o(i.GPIO_ReadInputData), (8 bytes).
    Removing stm32f10x_gpio.o(i.GPIO_ReadOutputData), (8 bytes).
    Removing stm32f10x_gpio.o(i.GPIO_StructInit), (16 bytes).
    Removing stm32f10x_gpio.o(i.GPIO_Write), (4 bytes).
    Removing stm32f10x_gpio.o(i.GPIO_WriteBit), (10 bytes).
    Removing stm32f10x_i2c.o(.rev16_text), (4 bytes).
    Removing stm32f10x_i2c.o(.revsh_text), (4 bytes).
    Removing stm32f10x_i2c.o(.rrx_text), (6 bytes).
    Removing stm32f10x_i2c.o(i.I2C_ARPCmd), (24 bytes).
    Removing stm32f10x_i2c.o(i.I2C_AcknowledgeConfig), (24 bytes).
    Removing stm32f10x_i2c.o(i.I2C_CalculatePEC), (24 bytes).
    Removing stm32f10x_i2c.o(i.I2C_CheckEvent), (42 bytes).
    Removing stm32f10x_i2c.o(i.I2C_ClearFlag), (12 bytes).
    Removing stm32f10x_i2c.o(i.I2C_ClearITPendingBit), (12 bytes).
    Removing stm32f10x_i2c.o(i.I2C_Cmd), (24 bytes).
    Removing stm32f10x_i2c.o(i.I2C_DMACmd), (24 bytes).
    Removing stm32f10x_i2c.o(i.I2C_DMALastTransferCmd), (24 bytes).
    Removing stm32f10x_i2c.o(i.I2C_DeInit), (56 bytes).
    Removing stm32f10x_i2c.o(i.I2C_DualAddressCmd), (24 bytes).
    Removing stm32f10x_i2c.o(i.I2C_FastModeDutyCycleConfig), (28 bytes).
    Removing stm32f10x_i2c.o(i.I2C_GeneralCallCmd), (24 bytes).
    Removing stm32f10x_i2c.o(i.I2C_GenerateSTART), (24 bytes).
    Removing stm32f10x_i2c.o(i.I2C_GenerateSTOP), (24 bytes).
    Removing stm32f10x_i2c.o(i.I2C_GetFlagStatus), (58 bytes).
    Removing stm32f10x_i2c.o(i.I2C_GetITStatus), (38 bytes).
    Removing stm32f10x_i2c.o(i.I2C_GetLastEvent), (26 bytes).
    Removing stm32f10x_i2c.o(i.I2C_GetPEC), (8 bytes).
    Removing stm32f10x_i2c.o(i.I2C_ITConfig), (18 bytes).
    Removing stm32f10x_i2c.o(i.I2C_Init), (236 bytes).
    Removing stm32f10x_i2c.o(i.I2C_NACKPositionConfig), (28 bytes).
    Removing stm32f10x_i2c.o(i.I2C_OwnAddress2Config), (22 bytes).
    Removing stm32f10x_i2c.o(i.I2C_PECPositionConfig), (28 bytes).
    Removing stm32f10x_i2c.o(i.I2C_ReadRegister), (22 bytes).
    Removing stm32f10x_i2c.o(i.I2C_ReceiveData), (8 bytes).
    Removing stm32f10x_i2c.o(i.I2C_SMBusAlertConfig), (28 bytes).
    Removing stm32f10x_i2c.o(i.I2C_Send7bitAddress), (18 bytes).
    Removing stm32f10x_i2c.o(i.I2C_SendData), (4 bytes).
    Removing stm32f10x_i2c.o(i.I2C_SoftwareResetCmd), (22 bytes).
    Removing stm32f10x_i2c.o(i.I2C_StretchClockCmd), (24 bytes).
    Removing stm32f10x_i2c.o(i.I2C_StructInit), (30 bytes).
    Removing stm32f10x_i2c.o(i.I2C_TransmitPEC), (24 bytes).
    Removing stm32f10x_iwdg.o(.rev16_text), (4 bytes).
    Removing stm32f10x_iwdg.o(.revsh_text), (4 bytes).
    Removing stm32f10x_iwdg.o(.rrx_text), (6 bytes).
    Removing stm32f10x_iwdg.o(i.IWDG_Enable), (16 bytes).
    Removing stm32f10x_iwdg.o(i.IWDG_GetFlagStatus), (24 bytes).
    Removing stm32f10x_iwdg.o(i.IWDG_ReloadCounter), (16 bytes).
    Removing stm32f10x_iwdg.o(i.IWDG_SetPrescaler), (12 bytes).
    Removing stm32f10x_iwdg.o(i.IWDG_SetReload), (12 bytes).
    Removing stm32f10x_iwdg.o(i.IWDG_WriteAccessCmd), (12 bytes).
    Removing stm32f10x_pwr.o(.rev16_text), (4 bytes).
    Removing stm32f10x_pwr.o(.revsh_text), (4 bytes).
    Removing stm32f10x_pwr.o(.rrx_text), (6 bytes).
    Removing stm32f10x_pwr.o(i.PWR_BackupAccessCmd), (12 bytes).
    Removing stm32f10x_pwr.o(i.PWR_ClearFlag), (20 bytes).
    Removing stm32f10x_pwr.o(i.PWR_DeInit), (22 bytes).
    Removing stm32f10x_pwr.o(i.PWR_EnterSTANDBYMode), (52 bytes).
    Removing stm32f10x_pwr.o(i.PWR_EnterSTOPMode), (64 bytes).
    Removing stm32f10x_pwr.o(i.PWR_GetFlagStatus), (24 bytes).
    Removing stm32f10x_pwr.o(i.PWR_PVDCmd), (12 bytes).
    Removing stm32f10x_pwr.o(i.PWR_PVDLevelConfig), (24 bytes).
    Removing stm32f10x_pwr.o(i.PWR_WakeUpPinCmd), (12 bytes).
    Removing stm32f10x_rcc.o(.rev16_text), (4 bytes).
    Removing stm32f10x_rcc.o(.revsh_text), (4 bytes).
    Removing stm32f10x_rcc.o(.rrx_text), (6 bytes).
    Removing stm32f10x_rcc.o(i.RCC_ADCCLKConfig), (24 bytes).
    Removing stm32f10x_rcc.o(i.RCC_AHBPeriphClockCmd), (32 bytes).
    Removing stm32f10x_rcc.o(i.RCC_APB1PeriphResetCmd), (32 bytes).
    Removing stm32f10x_rcc.o(i.RCC_APB2PeriphResetCmd), (32 bytes).
    Removing stm32f10x_rcc.o(i.RCC_AdjustHSICalibrationValue), (24 bytes).
    Removing stm32f10x_rcc.o(i.RCC_BackupResetCmd), (12 bytes).
    Removing stm32f10x_rcc.o(i.RCC_ClearFlag), (20 bytes).
    Removing stm32f10x_rcc.o(i.RCC_ClearITPendingBit), (12 bytes).
    Removing stm32f10x_rcc.o(i.RCC_ClockSecuritySystemCmd), (12 bytes).
    Removing stm32f10x_rcc.o(i.RCC_DeInit), (76 bytes).
    Removing stm32f10x_rcc.o(i.RCC_GetFlagStatus), (60 bytes).
    Removing stm32f10x_rcc.o(i.RCC_GetITStatus), (24 bytes).
    Removing stm32f10x_rcc.o(i.RCC_GetSYSCLKSource), (16 bytes).
    Removing stm32f10x_rcc.o(i.RCC_HCLKConfig), (24 bytes).
    Removing stm32f10x_rcc.o(i.RCC_HSEConfig), (76 bytes).
    Removing stm32f10x_rcc.o(i.RCC_HSICmd), (12 bytes).
    Removing stm32f10x_rcc.o(i.RCC_ITConfig), (32 bytes).
    Removing stm32f10x_rcc.o(i.RCC_LSEConfig), (52 bytes).
    Removing stm32f10x_rcc.o(i.RCC_LSICmd), (12 bytes).
    Removing stm32f10x_rcc.o(i.RCC_MCOConfig), (12 bytes).
    Removing stm32f10x_rcc.o(i.RCC_PCLK1Config), (24 bytes).
    Removing stm32f10x_rcc.o(i.RCC_PCLK2Config), (24 bytes).
    Removing stm32f10x_rcc.o(i.RCC_PLLCmd), (12 bytes).
    Removing stm32f10x_rcc.o(i.RCC_PLLConfig), (28 bytes).
    Removing stm32f10x_rcc.o(i.RCC_RTCCLKCmd), (12 bytes).
    Removing stm32f10x_rcc.o(i.RCC_RTCCLKConfig), (16 bytes).
    Removing stm32f10x_rcc.o(i.RCC_SYSCLKConfig), (24 bytes).
    Removing stm32f10x_rcc.o(i.RCC_USBCLKConfig), (12 bytes).
    Removing stm32f10x_rcc.o(i.RCC_WaitForHSEStartUp), (56 bytes).
    Removing stm32f10x_rtc.o(.rev16_text), (4 bytes).
    Removing stm32f10x_rtc.o(.revsh_text), (4 bytes).
    Removing stm32f10x_rtc.o(.rrx_text), (6 bytes).
    Removing stm32f10x_rtc.o(i.RTC_ClearFlag), (16 bytes).
    Removing stm32f10x_rtc.o(i.RTC_ClearITPendingBit), (16 bytes).
    Removing stm32f10x_rtc.o(i.RTC_EnterConfigMode), (20 bytes).
    Removing stm32f10x_rtc.o(i.RTC_ExitConfigMode), (20 bytes).
    Removing stm32f10x_rtc.o(i.RTC_GetCounter), (20 bytes).
    Removing stm32f10x_rtc.o(i.RTC_GetDivider), (24 bytes).
    Removing stm32f10x_rtc.o(i.RTC_GetFlagStatus), (24 bytes).
    Removing stm32f10x_rtc.o(i.RTC_GetITStatus), (36 bytes).
    Removing stm32f10x_rtc.o(i.RTC_ITConfig), (32 bytes).
    Removing stm32f10x_rtc.o(i.RTC_SetAlarm), (28 bytes).
    Removing stm32f10x_rtc.o(i.RTC_SetCounter), (28 bytes).
    Removing stm32f10x_rtc.o(i.RTC_SetPrescaler), (32 bytes).
    Removing stm32f10x_rtc.o(i.RTC_WaitForLastTask), (20 bytes).
    Removing stm32f10x_rtc.o(i.RTC_WaitForSynchro), (36 bytes).
    Removing stm32f10x_sdio.o(.rev16_text), (4 bytes).
    Removing stm32f10x_sdio.o(.revsh_text), (4 bytes).
    Removing stm32f10x_sdio.o(.rrx_text), (6 bytes).
    Removing stm32f10x_sdio.o(i.SDIO_CEATAITCmd), (16 bytes).
    Removing stm32f10x_sdio.o(i.SDIO_ClearFlag), (12 bytes).
    Removing stm32f10x_sdio.o(i.SDIO_ClearITPendingBit), (12 bytes).
    Removing stm32f10x_sdio.o(i.SDIO_ClockCmd), (12 bytes).
    Removing stm32f10x_sdio.o(i.SDIO_CmdStructInit), (14 bytes).
    Removing stm32f10x_sdio.o(i.SDIO_CommandCompletionCmd), (12 bytes).
    Removing stm32f10x_sdio.o(i.SDIO_DMACmd), (12 bytes).
    Removing stm32f10x_sdio.o(i.SDIO_DataConfig), (48 bytes).
    Removing stm32f10x_sdio.o(i.SDIO_DataStructInit), (20 bytes).
    Removing stm32f10x_sdio.o(i.SDIO_DeInit), (36 bytes).
    Removing stm32f10x_sdio.o(i.SDIO_GetCommandResponse), (12 bytes).
    Removing stm32f10x_sdio.o(i.SDIO_GetDataCounter), (12 bytes).
    Removing stm32f10x_sdio.o(i.SDIO_GetFIFOCount), (12 bytes).
    Removing stm32f10x_sdio.o(i.SDIO_GetFlagStatus), (24 bytes).
    Removing stm32f10x_sdio.o(i.SDIO_GetITStatus), (24 bytes).
    Removing stm32f10x_sdio.o(i.SDIO_GetPowerState), (16 bytes).
    Removing stm32f10x_sdio.o(i.SDIO_GetResponse), (24 bytes).
    Removing stm32f10x_sdio.o(i.SDIO_ITConfig), (32 bytes).
    Removing stm32f10x_sdio.o(i.SDIO_Init), (48 bytes).
    Removing stm32f10x_sdio.o(i.SDIO_ReadData), (12 bytes).
    Removing stm32f10x_sdio.o(i.SDIO_SendCEATACmd), (12 bytes).
    Removing stm32f10x_sdio.o(i.SDIO_SendCommand), (44 bytes).
    Removing stm32f10x_sdio.o(i.SDIO_SendSDIOSuspendCmd), (12 bytes).
    Removing stm32f10x_sdio.o(i.SDIO_SetPowerState), (28 bytes).
    Removing stm32f10x_sdio.o(i.SDIO_SetSDIOOperation), (12 bytes).
    Removing stm32f10x_sdio.o(i.SDIO_SetSDIOReadWaitMode), (12 bytes).
    Removing stm32f10x_sdio.o(i.SDIO_StartSDIOReadWait), (12 bytes).
    Removing stm32f10x_sdio.o(i.SDIO_StopSDIOReadWait), (12 bytes).
    Removing stm32f10x_sdio.o(i.SDIO_StructInit), (16 bytes).
    Removing stm32f10x_sdio.o(i.SDIO_WriteData), (12 bytes).
    Removing stm32f10x_spi.o(.rev16_text), (4 bytes).
    Removing stm32f10x_spi.o(.revsh_text), (4 bytes).
    Removing stm32f10x_spi.o(.rrx_text), (6 bytes).
    Removing stm32f10x_spi.o(i.I2S_Cmd), (24 bytes).
    Removing stm32f10x_spi.o(i.I2S_Init), (232 bytes).
    Removing stm32f10x_spi.o(i.I2S_StructInit), (20 bytes).
    Removing stm32f10x_spi.o(i.SPI_BiDirectionalLineConfig), (28 bytes).
    Removing stm32f10x_spi.o(i.SPI_CalculateCRC), (24 bytes).
    Removing stm32f10x_spi.o(i.SPI_DataSizeConfig), (18 bytes).
    Removing stm32f10x_spi.o(i.SPI_GetCRC), (16 bytes).
    Removing stm32f10x_spi.o(i.SPI_GetCRCPolynomial), (6 bytes).
    Removing stm32f10x_spi.o(i.SPI_I2S_ClearFlag), (6 bytes).
    Removing stm32f10x_spi.o(i.SPI_I2S_ClearITPendingBit), (20 bytes).
    Removing stm32f10x_spi.o(i.SPI_I2S_DMACmd), (18 bytes).
    Removing stm32f10x_spi.o(i.SPI_I2S_DeInit), (88 bytes).
    Removing stm32f10x_spi.o(i.SPI_I2S_GetITStatus), (52 bytes).
    Removing stm32f10x_spi.o(i.SPI_I2S_ITConfig), (32 bytes).
    Removing stm32f10x_spi.o(i.SPI_NSSInternalSoftwareConfig), (30 bytes).
    Removing stm32f10x_spi.o(i.SPI_SSOutputCmd), (24 bytes).
    Removing stm32f10x_spi.o(i.SPI_StructInit), (24 bytes).
    Removing stm32f10x_spi.o(i.SPI_TransmitCRC), (10 bytes).
    Removing stm32f10x_tim.o(.rev16_text), (4 bytes).
    Removing stm32f10x_tim.o(.revsh_text), (4 bytes).
    Removing stm32f10x_tim.o(.rrx_text), (6 bytes).
    Removing stm32f10x_tim.o(i.TI1_Config), (128 bytes).
    Removing stm32f10x_tim.o(i.TI2_Config), (152 bytes).
    Removing stm32f10x_tim.o(i.TI3_Config), (144 bytes).
    Removing stm32f10x_tim.o(i.TI4_Config), (152 bytes).
    Removing stm32f10x_tim.o(i.TIM_BDTRConfig), (32 bytes).
    Removing stm32f10x_tim.o(i.TIM_BDTRStructInit), (18 bytes).
    Removing stm32f10x_tim.o(i.TIM_CCPreloadControl), (24 bytes).
    Removing stm32f10x_tim.o(i.TIM_CCxCmd), (30 bytes).
    Removing stm32f10x_tim.o(i.TIM_CCxNCmd), (30 bytes).
    Removing stm32f10x_tim.o(i.TIM_ClearOC1Ref), (18 bytes).
    Removing stm32f10x_tim.o(i.TIM_ClearOC2Ref), (24 bytes).
    Removing stm32f10x_tim.o(i.TIM_ClearOC3Ref), (18 bytes).
    Removing stm32f10x_tim.o(i.TIM_ClearOC4Ref), (24 bytes).
    Removing stm32f10x_tim.o(i.TIM_CounterModeConfig), (18 bytes).
    Removing stm32f10x_tim.o(i.TIM_DMACmd), (18 bytes).
    Removing stm32f10x_tim.o(i.TIM_DMAConfig), (10 bytes).
    Removing stm32f10x_tim.o(i.TIM_DeInit), (488 bytes).
    Removing stm32f10x_tim.o(i.TIM_ETRClockMode1Config), (54 bytes).
    Removing stm32f10x_tim.o(i.TIM_ETRClockMode2Config), (32 bytes).
    Removing stm32f10x_tim.o(i.TIM_ETRConfig), (28 bytes).
    Removing stm32f10x_tim.o(i.TIM_EncoderInterfaceConfig), (66 bytes).
    Removing stm32f10x_tim.o(i.TIM_ForcedOC1Config), (18 bytes).
    Removing stm32f10x_tim.o(i.TIM_ForcedOC2Config), (26 bytes).
    Removing stm32f10x_tim.o(i.TIM_ForcedOC3Config), (18 bytes).
    Removing stm32f10x_tim.o(i.TIM_ForcedOC4Config), (26 bytes).
    Removing stm32f10x_tim.o(i.TIM_GenerateEvent), (4 bytes).
    Removing stm32f10x_tim.o(i.TIM_GetCapture1), (6 bytes).
    Removing stm32f10x_tim.o(i.TIM_GetCapture2), (6 bytes).
    Removing stm32f10x_tim.o(i.TIM_GetCapture3), (6 bytes).
    Removing stm32f10x_tim.o(i.TIM_GetCapture4), (8 bytes).
    Removing stm32f10x_tim.o(i.TIM_GetCounter), (6 bytes).
    Removing stm32f10x_tim.o(i.TIM_GetFlagStatus), (18 bytes).
    Removing stm32f10x_tim.o(i.TIM_GetPrescaler), (6 bytes).
    Removing stm32f10x_tim.o(i.TIM_ICInit), (172 bytes).
    Removing stm32f10x_tim.o(i.TIM_ICStructInit), (18 bytes).
    Removing stm32f10x_tim.o(i.TIM_ITRxExternalClockConfig), (24 bytes).
    Removing stm32f10x_tim.o(i.TIM_InternalClockConfig), (12 bytes).
    Removing stm32f10x_tim.o(i.TIM_OC1FastConfig), (18 bytes).
    Removing stm32f10x_tim.o(i.TIM_OC1NPolarityConfig), (18 bytes).
    Removing stm32f10x_tim.o(i.TIM_OC1PolarityConfig), (18 bytes).
    Removing stm32f10x_tim.o(i.TIM_OC2FastConfig), (26 bytes).
    Removing stm32f10x_tim.o(i.TIM_OC2Init), (164 bytes).
    Removing stm32f10x_tim.o(i.TIM_OC2NPolarityConfig), (26 bytes).
    Removing stm32f10x_tim.o(i.TIM_OC2PolarityConfig), (26 bytes).
    Removing stm32f10x_tim.o(i.TIM_OC2PreloadConfig), (26 bytes).
    Removing stm32f10x_tim.o(i.TIM_OC3FastConfig), (18 bytes).
    Removing stm32f10x_tim.o(i.TIM_OC3Init), (160 bytes).
    Removing stm32f10x_tim.o(i.TIM_OC3NPolarityConfig), (26 bytes).
    Removing stm32f10x_tim.o(i.TIM_OC3PolarityConfig), (26 bytes).
    Removing stm32f10x_tim.o(i.TIM_OC3PreloadConfig), (18 bytes).
    Removing stm32f10x_tim.o(i.TIM_OC4FastConfig), (26 bytes).
    Removing stm32f10x_tim.o(i.TIM_OC4PolarityConfig), (26 bytes).
    Removing stm32f10x_tim.o(i.TIM_OCStructInit), (20 bytes).
    Removing stm32f10x_tim.o(i.TIM_PWMIConfig), (124 bytes).
    Removing stm32f10x_tim.o(i.TIM_PrescalerConfig), (6 bytes).
    Removing stm32f10x_tim.o(i.TIM_SelectCCDMA), (24 bytes).
    Removing stm32f10x_tim.o(i.TIM_SelectCOM), (24 bytes).
    Removing stm32f10x_tim.o(i.TIM_SelectHallSensor), (24 bytes).
    Removing stm32f10x_tim.o(i.TIM_SelectInputTrigger), (18 bytes).
    Removing stm32f10x_tim.o(i.TIM_SelectMasterSlaveMode), (18 bytes).
    Removing stm32f10x_tim.o(i.TIM_SelectOCxM), (82 bytes).
    Removing stm32f10x_tim.o(i.TIM_SelectOnePulseMode), (18 bytes).
    Removing stm32f10x_tim.o(i.TIM_SelectOutputTrigger), (18 bytes).
    Removing stm32f10x_tim.o(i.TIM_SelectSlaveMode), (18 bytes).
    Removing stm32f10x_tim.o(i.TIM_SetAutoreload), (4 bytes).
    Removing stm32f10x_tim.o(i.TIM_SetClockDivision), (18 bytes).
    Removing stm32f10x_tim.o(i.TIM_SetCompare2), (4 bytes).
    Removing stm32f10x_tim.o(i.TIM_SetCompare3), (4 bytes).
    Removing stm32f10x_tim.o(i.TIM_SetCounter), (4 bytes).
    Removing stm32f10x_tim.o(i.TIM_SetIC1Prescaler), (18 bytes).
    Removing stm32f10x_tim.o(i.TIM_SetIC2Prescaler), (26 bytes).
    Removing stm32f10x_tim.o(i.TIM_SetIC3Prescaler), (18 bytes).
    Removing stm32f10x_tim.o(i.TIM_SetIC4Prescaler), (26 bytes).
    Removing stm32f10x_tim.o(i.TIM_TIxExternalClockConfig), (62 bytes).
    Removing stm32f10x_tim.o(i.TIM_TimeBaseStructInit), (18 bytes).
    Removing stm32f10x_tim.o(i.TIM_UpdateDisableConfig), (24 bytes).
    Removing stm32f10x_tim.o(i.TIM_UpdateRequestConfig), (24 bytes).
    Removing stm32f10x_usart.o(.rev16_text), (4 bytes).
    Removing stm32f10x_usart.o(.revsh_text), (4 bytes).
    Removing stm32f10x_usart.o(.rrx_text), (6 bytes).
    Removing stm32f10x_usart.o(i.USART_ClearFlag), (18 bytes).
    Removing stm32f10x_usart.o(i.USART_ClockInit), (34 bytes).
    Removing stm32f10x_usart.o(i.USART_ClockStructInit), (12 bytes).
    Removing stm32f10x_usart.o(i.USART_DMACmd), (18 bytes).
    Removing stm32f10x_usart.o(i.USART_DeInit), (156 bytes).
    Removing stm32f10x_usart.o(i.USART_HalfDuplexCmd), (24 bytes).
    Removing stm32f10x_usart.o(i.USART_IrDACmd), (24 bytes).
    Removing stm32f10x_usart.o(i.USART_IrDAConfig), (18 bytes).
    Removing stm32f10x_usart.o(i.USART_LINBreakDetectLengthConfig), (18 bytes).
    Removing stm32f10x_usart.o(i.USART_LINCmd), (24 bytes).
    Removing stm32f10x_usart.o(i.USART_OneBitMethodCmd), (24 bytes).
    Removing stm32f10x_usart.o(i.USART_OverSampling8Cmd), (22 bytes).
    Removing stm32f10x_usart.o(i.USART_ReceiveData), (10 bytes).
    Removing stm32f10x_usart.o(i.USART_ReceiverWakeUpCmd), (24 bytes).
    Removing stm32f10x_usart.o(i.USART_SendBreak), (10 bytes).
    Removing stm32f10x_usart.o(i.USART_SendData), (8 bytes).
    Removing stm32f10x_usart.o(i.USART_SetAddress), (18 bytes).
    Removing stm32f10x_usart.o(i.USART_SetGuardTime), (16 bytes).
    Removing stm32f10x_usart.o(i.USART_SetPrescaler), (16 bytes).
    Removing stm32f10x_usart.o(i.USART_SmartCardCmd), (24 bytes).
    Removing stm32f10x_usart.o(i.USART_SmartCardNACKCmd), (24 bytes).
    Removing stm32f10x_usart.o(i.USART_StructInit), (24 bytes).
    Removing stm32f10x_usart.o(i.USART_WakeUpConfig), (18 bytes).
    Removing stm32f10x_wwdg.o(.rev16_text), (4 bytes).
    Removing stm32f10x_wwdg.o(.revsh_text), (4 bytes).
    Removing stm32f10x_wwdg.o(.rrx_text), (6 bytes).
    Removing stm32f10x_wwdg.o(i.WWDG_ClearFlag), (12 bytes).
    Removing stm32f10x_wwdg.o(i.WWDG_DeInit), (22 bytes).
    Removing stm32f10x_wwdg.o(i.WWDG_Enable), (16 bytes).
    Removing stm32f10x_wwdg.o(i.WWDG_EnableIT), (12 bytes).
    Removing stm32f10x_wwdg.o(i.WWDG_GetFlagStatus), (12 bytes).
    Removing stm32f10x_wwdg.o(i.WWDG_SetCounter), (16 bytes).
    Removing stm32f10x_wwdg.o(i.WWDG_SetPrescaler), (24 bytes).
    Removing stm32f10x_wwdg.o(i.WWDG_SetWindowValue), (40 bytes).
    Removing iccard.o(.rev16_text), (4 bytes).
    Removing iccard.o(.revsh_text), (4 bytes).
    Removing iccard.o(.rrx_text), (6 bytes).
    Removing iccard.o(i.Card_GetNumber), (84 bytes).
    Removing iccard.o(i.Card_ModifyPasswordA), (136 bytes).
    Removing iccard.o(i.Card_ModifyPasswordB), (180 bytes).
    Removing iccard.o(i.Card_PurseDecrement), (30 bytes).
    Removing iccard.o(i.Card_PurseDecrement_Float), (54 bytes).
    Removing iccard.o(i.Card_PurseDecrement_Int), (48 bytes).
    Removing iccard.o(i.Card_PurseGet), (54 bytes).
    Removing iccard.o(i.Card_PurseGet_Float), (54 bytes).
    Removing iccard.o(i.Card_PurseGet_Int), (54 bytes).
    Removing iccard.o(i.Card_PurseIncrement), (30 bytes).
    Removing iccard.o(i.Card_PurseIncrement_Float), (54 bytes).
    Removing iccard.o(i.Card_PurseIncrement_Int), (48 bytes).
    Removing iccard.o(i.Card_PurseInit), (130 bytes).
    Removing iccard.o(i.Card_PurseInit_Float), (56 bytes).
    Removing iccard.o(i.Card_PurseInit_Int), (56 bytes).
    Removing iccard.o(i.Card_ReadBlock), (28 bytes).
    Removing iccard.o(i.Card_VerifyKeyA), (38 bytes).
    Removing iccard.o(i.Card_VerifyKeyB), (38 bytes).
    Removing iccard.o(i.Card_WriteBlock), (28 bytes).
    Removing iccard.o(.bss), (80 bytes).
    Removing iccard.o(.data), (14 bytes).
    Removing mfrc522_1.o(.rev16_text), (4 bytes).
    Removing mfrc522_1.o(.revsh_text), (4 bytes).
    Removing mfrc522_1.o(.rrx_text), (6 bytes).
    Removing mfrc522_1.o(i.MFRC522_Add_IC), (188 bytes).
    Removing mfrc522_1.o(i.MFRC522_check_IC), (160 bytes).
    Removing mfrc522_1.o(i.MFRC_CalulateCRC), (108 bytes).
    Removing mfrc522_1.o(i.MFRC_ClrBitMask), (26 bytes).
    Removing mfrc522_1.o(i.MFRC_CmdFrame), (308 bytes).
    Removing mfrc522_1.o(i.MFRC_Init), (8 bytes).
    Removing mfrc522_1.o(i.MFRC_ReadReg), (52 bytes).
    Removing mfrc522_1.o(i.MFRC_SetBitMask), (26 bytes).
    Removing mfrc522_1.o(i.MFRC_WriteReg), (48 bytes).
    Removing mfrc522_1.o(i.PCD_AntennaOff), (12 bytes).
    Removing mfrc522_1.o(i.PCD_AntennaOn), (26 bytes).
    Removing mfrc522_1.o(i.PCD_Anticoll), (112 bytes).
    Removing mfrc522_1.o(i.PCD_AuthState), (110 bytes).
    Removing mfrc522_1.o(i.PCD_BakValue), (202 bytes).
    Removing mfrc522_1.o(i.PCD_Halt), (52 bytes).
    Removing mfrc522_1.o(i.PCD_Init), (12 bytes).
    Removing mfrc522_1.o(i.PCD_ReadBlock), (86 bytes).
    Removing mfrc522_1.o(i.PCD_Request), (82 bytes).
    Removing mfrc522_1.o(i.PCD_Reset), (128 bytes).
    Removing mfrc522_1.o(i.PCD_Select), (116 bytes).
    Removing mfrc522_1.o(i.PCD_Value), (208 bytes).
    Removing mfrc522_1.o(i.PCD_WriteBlock), (150 bytes).
    Removing mfrc522_1.o(i.SOFT_SPI_RW), (104 bytes).
    Removing mfrc522_1.o(i.SPI2_RW_Byte), (12 bytes).
    Removing mfrc522_1.o(i.SPI_RC522_Init), (180 bytes).
    Removing mfrc522_1.o(i.Soft_SPI_Read), (72 bytes).
    Removing mfrc522_1.o(i.Soft_SPI_Write), (84 bytes).
    Removing mfrc522_1.o(.data), (12 bytes).
    Removing fadd.o(.text), (176 bytes).
    Removing fmul.o(.text), (100 bytes).
    Removing ddiv.o(.text), (222 bytes).
    Removing dfltui.o(.text), (26 bytes).
    Removing ffixi.o(.text), (50 bytes).
    Removing d2f.o(.text), (56 bytes).
    Removing cfrcmple.o(.text), (20 bytes).
    Removing fepilogue.o(.text), (110 bytes).
    Removing dfixul.o(.text), (48 bytes).
    Removing cdrcmple.o(.text), (48 bytes).

727 unused section(s) (total 38388 bytes) removed from the image.

==============================================================================

Image Symbol Table

    Local Symbols

    Symbol Name                              Value     Ov Type        Size  Object(Section)

    ../clib/microlib/division.c              0x00000000   Number         0  uldiv.o ABSOLUTE
    ../clib/microlib/division.c              0x00000000   Number         0  uidiv.o ABSOLUTE
    ../clib/microlib/init/entry.s            0x00000000   Number         0  entry8a.o ABSOLUTE
    ../clib/microlib/init/entry.s            0x00000000   Number         0  entry10b.o ABSOLUTE
    ../clib/microlib/init/entry.s            0x00000000   Number         0  entry10a.o ABSOLUTE
    ../clib/microlib/init/entry.s            0x00000000   Number         0  entry9a.o ABSOLUTE
    ../clib/microlib/init/entry.s            0x00000000   Number         0  entry7a.o ABSOLUTE
    ../clib/microlib/init/entry.s            0x00000000   Number         0  entry8b.o ABSOLUTE
    ../clib/microlib/init/entry.s            0x00000000   Number         0  entry9b.o ABSOLUTE
    ../clib/microlib/init/entry.s            0x00000000   Number         0  entry.o ABSOLUTE
    ../clib/microlib/init/entry.s            0x00000000   Number         0  entry7b.o ABSOLUTE
    ../clib/microlib/init/entry.s            0x00000000   Number         0  entry2.o ABSOLUTE
    ../clib/microlib/init/entry.s            0x00000000   Number         0  entry5.o ABSOLUTE
    ../clib/microlib/init/entry.s            0x00000000   Number         0  entry11b.o ABSOLUTE
    ../clib/microlib/init/entry.s            0x00000000   Number         0  entry11a.o ABSOLUTE
    ../clib/microlib/longlong.c              0x00000000   Number         0  llsshr.o ABSOLUTE
    ../clib/microlib/longlong.c              0x00000000   Number         0  llshl.o ABSOLUTE
    ../clib/microlib/longlong.c              0x00000000   Number         0  llushr.o ABSOLUTE
    ../clib/microlib/printf/printf.c         0x00000000   Number         0  printfa.o ABSOLUTE
    ../clib/microlib/printf/printf.c         0x00000000   Number         0  printf8.o ABSOLUTE
    ../clib/microlib/printf/printf.c         0x00000000   Number         0  printf7.o ABSOLUTE
    ../clib/microlib/printf/printf.c         0x00000000   Number         0  printf6.o ABSOLUTE
    ../clib/microlib/printf/printf.c         0x00000000   Number         0  printf5.o ABSOLUTE
    ../clib/microlib/printf/printf.c         0x00000000   Number         0  printf0.o ABSOLUTE
    ../clib/microlib/printf/printf.c         0x00000000   Number         0  printf1.o ABSOLUTE
    ../clib/microlib/printf/printf.c         0x00000000   Number         0  printf2.o ABSOLUTE
    ../clib/microlib/printf/printf.c         0x00000000   Number         0  printf4.o ABSOLUTE
    ../clib/microlib/printf/printf.c         0x00000000   Number         0  printf3.o ABSOLUTE
    ../clib/microlib/printf/printf.c         0x00000000   Number         0  printfb.o ABSOLUTE
    ../clib/microlib/printf/stubs.s          0x00000000   Number         0  stubs.o ABSOLUTE
    ../clib/microlib/stdio/streams.c         0x00000000   Number         0  stdout.o ABSOLUTE
    ../clib/microlib/string/memset.c         0x00000000   Number         0  memseta.o ABSOLUTE
    ../clib/microlib/stubs.s                 0x00000000   Number         0  iusefp.o ABSOLUTE
    ../fplib/microlib/d2f.c                  0x00000000   Number         0  d2f.o ABSOLUTE
    ../fplib/microlib/fpadd.c                0x00000000   Number         0  fadd.o ABSOLUTE
    ../fplib/microlib/fpadd.c                0x00000000   Number         0  dadd.o ABSOLUTE
    ../fplib/microlib/fpdiv.c                0x00000000   Number         0  ddiv.o ABSOLUTE
    ../fplib/microlib/fpepilogue.c           0x00000000   Number         0  fepilogue.o ABSOLUTE
    ../fplib/microlib/fpepilogue.c           0x00000000   Number         0  depilogue.o ABSOLUTE
    ../fplib/microlib/fpfix.c                0x00000000   Number         0  dfixi.o ABSOLUTE
    ../fplib/microlib/fpfix.c                0x00000000   Number         0  ffixi.o ABSOLUTE
    ../fplib/microlib/fpfix.c                0x00000000   Number         0  dfixui.o ABSOLUTE
    ../fplib/microlib/fpfix.c                0x00000000   Number         0  dfixul.o ABSOLUTE
    ../fplib/microlib/fpflt.c                0x00000000   Number         0  dfltui.o ABSOLUTE
    ../fplib/microlib/fpflt.c                0x00000000   Number         0  dflti.o ABSOLUTE
    ../fplib/microlib/fpmul.c                0x00000000   Number         0  dmul.o ABSOLUTE
    ../fplib/microlib/fpmul.c                0x00000000   Number         0  fmul.o ABSOLUTE
    ..\\stdlib\\src\\misc.c                  0x00000000   Number         0  misc.o ABSOLUTE
    ..\\stdlib\\src\\stm32f10x_adc.c         0x00000000   Number         0  stm32f10x_adc.o ABSOLUTE
    ..\\stdlib\\src\\stm32f10x_bkp.c         0x00000000   Number         0  stm32f10x_bkp.o ABSOLUTE
    ..\\stdlib\\src\\stm32f10x_can.c         0x00000000   Number         0  stm32f10x_can.o ABSOLUTE
    ..\\stdlib\\src\\stm32f10x_cec.c         0x00000000   Number         0  stm32f10x_cec.o ABSOLUTE
    ..\\stdlib\\src\\stm32f10x_crc.c         0x00000000   Number         0  stm32f10x_crc.o ABSOLUTE
    ..\\stdlib\\src\\stm32f10x_dac.c         0x00000000   Number         0  stm32f10x_dac.o ABSOLUTE
    ..\\stdlib\\src\\stm32f10x_dbgmcu.c      0x00000000   Number         0  stm32f10x_dbgmcu.o ABSOLUTE
    ..\\stdlib\\src\\stm32f10x_dma.c         0x00000000   Number         0  stm32f10x_dma.o ABSOLUTE
    ..\\stdlib\\src\\stm32f10x_exti.c        0x00000000   Number         0  stm32f10x_exti.o ABSOLUTE
    ..\\stdlib\\src\\stm32f10x_flash.c       0x00000000   Number         0  stm32f10x_flash.o ABSOLUTE
    ..\\stdlib\\src\\stm32f10x_fsmc.c        0x00000000   Number         0  stm32f10x_fsmc.o ABSOLUTE
    ..\\stdlib\\src\\stm32f10x_gpio.c        0x00000000   Number         0  stm32f10x_gpio.o ABSOLUTE
    ..\\stdlib\\src\\stm32f10x_i2c.c         0x00000000   Number         0  stm32f10x_i2c.o ABSOLUTE
    ..\\stdlib\\src\\stm32f10x_iwdg.c        0x00000000   Number         0  stm32f10x_iwdg.o ABSOLUTE
    ..\\stdlib\\src\\stm32f10x_pwr.c         0x00000000   Number         0  stm32f10x_pwr.o ABSOLUTE
    ..\\stdlib\\src\\stm32f10x_rcc.c         0x00000000   Number         0  stm32f10x_rcc.o ABSOLUTE
    ..\\stdlib\\src\\stm32f10x_rtc.c         0x00000000   Number         0  stm32f10x_rtc.o ABSOLUTE
    ..\\stdlib\\src\\stm32f10x_sdio.c        0x00000000   Number         0  stm32f10x_sdio.o ABSOLUTE
    ..\\stdlib\\src\\stm32f10x_spi.c         0x00000000   Number         0  stm32f10x_spi.o ABSOLUTE
    ..\\stdlib\\src\\stm32f10x_tim.c         0x00000000   Number         0  stm32f10x_tim.o ABSOLUTE
    ..\\stdlib\\src\\stm32f10x_usart.c       0x00000000   Number         0  stm32f10x_usart.o ABSOLUTE
    ..\\stdlib\\src\\stm32f10x_wwdg.c        0x00000000   Number         0  stm32f10x_wwdg.o ABSOLUTE
    ..\\user\\api\\BLUE\\blu.c               0x00000000   Number         0  blu.o ABSOLUTE
    ..\\user\\api\\adc\\adc.c                0x00000000   Number         0  adc.o ABSOLUTE
    ..\\user\\api\\delay\\delay.c            0x00000000   Number         0  delay.o ABSOLUTE
    ..\\user\\api\\dht11\\dht11.c            0x00000000   Number         0  dht11.o ABSOLUTE
    ..\\user\\api\\flame\\flame.c            0x00000000   Number         0  flame.o ABSOLUTE
    ..\\user\\api\\lcd\\lcd.c                0x00000000   Number         0  lcd.o ABSOLUTE
    ..\\user\\api\\mpu6050\\StepCount.c      0x00000000   Number         0  stepcount.o ABSOLUTE
    ..\\user\\api\\mpu6050\\mpu6050.c        0x00000000   Number         0  mpu6050.o ABSOLUTE
    ..\\user\\api\\my1680\\my1680.c          0x00000000   Number         0  my1680.o ABSOLUTE
    ..\\user\\api\\nrf24l01\\nrf24l01.c      0x00000000   Number         0  nrf24l01.o ABSOLUTE
    ..\\user\\api\\openwrt\\openwrt.c        0x00000000   Number         0  openwrt.o ABSOLUTE
    ..\\user\\api\\rc522\\iccard.c           0x00000000   Number         0  iccard.o ABSOLUTE
    ..\\user\\api\\rc522\\mfrc522.c          0x00000000   Number         0  mfrc522_1.o ABSOLUTE
    ..\\user\\api\\relay\\relay.c            0x00000000   Number         0  relay.o ABSOLUTE
    ..\\user\\api\\rgb\\rgb.c                0x00000000   Number         0  rgb.o ABSOLUTE
    ..\\user\\api\\sr04\\sr04.c              0x00000000   Number         0  sr04.o ABSOLUTE
    ..\\user\\api\\steer\\steer.c            0x00000000   Number         0  steer.o ABSOLUTE
    ..\\user\\api\\usart1\\usart1.c          0x00000000   Number         0  usart1.o ABSOLUTE
    ..\\user\\api\\xinlv\\xinlv.c            0x00000000   Number         0  xinlv.o ABSOLUTE
    ..\\user\\main.c                         0x00000000   Number         0  main.o ABSOLUTE
    ..\\user\\stm32f10x_it.c                 0x00000000   Number         0  stm32f10x_it.o ABSOLUTE
    ..\\user\\system_stm32f10x.c             0x00000000   Number         0  system_stm32f10x.o ABSOLUTE
    ..\startup\startup_stm32f10x_hd.s        0x00000000   Number         0  startup_stm32f10x_hd.o ABSOLUTE
    ..\stdlib\src\misc.c                     0x00000000   Number         0  misc.o ABSOLUTE
    ..\stdlib\src\stm32f10x_adc.c            0x00000000   Number         0  stm32f10x_adc.o ABSOLUTE
    ..\stdlib\src\stm32f10x_bkp.c            0x00000000   Number         0  stm32f10x_bkp.o ABSOLUTE
    ..\stdlib\src\stm32f10x_can.c            0x00000000   Number         0  stm32f10x_can.o ABSOLUTE
    ..\stdlib\src\stm32f10x_cec.c            0x00000000   Number         0  stm32f10x_cec.o ABSOLUTE
    ..\stdlib\src\stm32f10x_crc.c            0x00000000   Number         0  stm32f10x_crc.o ABSOLUTE
    ..\stdlib\src\stm32f10x_dac.c            0x00000000   Number         0  stm32f10x_dac.o ABSOLUTE
    ..\stdlib\src\stm32f10x_dbgmcu.c         0x00000000   Number         0  stm32f10x_dbgmcu.o ABSOLUTE
    ..\stdlib\src\stm32f10x_dma.c            0x00000000   Number         0  stm32f10x_dma.o ABSOLUTE
    ..\stdlib\src\stm32f10x_exti.c           0x00000000   Number         0  stm32f10x_exti.o ABSOLUTE
    ..\stdlib\src\stm32f10x_flash.c          0x00000000   Number         0  stm32f10x_flash.o ABSOLUTE
    ..\stdlib\src\stm32f10x_fsmc.c           0x00000000   Number         0  stm32f10x_fsmc.o ABSOLUTE
    ..\stdlib\src\stm32f10x_gpio.c           0x00000000   Number         0  stm32f10x_gpio.o ABSOLUTE
    ..\stdlib\src\stm32f10x_i2c.c            0x00000000   Number         0  stm32f10x_i2c.o ABSOLUTE
    ..\stdlib\src\stm32f10x_iwdg.c           0x00000000   Number         0  stm32f10x_iwdg.o ABSOLUTE
    ..\stdlib\src\stm32f10x_pwr.c            0x00000000   Number         0  stm32f10x_pwr.o ABSOLUTE
    ..\stdlib\src\stm32f10x_rcc.c            0x00000000   Number         0  stm32f10x_rcc.o ABSOLUTE
    ..\stdlib\src\stm32f10x_rtc.c            0x00000000   Number         0  stm32f10x_rtc.o ABSOLUTE
    ..\stdlib\src\stm32f10x_sdio.c           0x00000000   Number         0  stm32f10x_sdio.o ABSOLUTE
    ..\stdlib\src\stm32f10x_spi.c            0x00000000   Number         0  stm32f10x_spi.o ABSOLUTE
    ..\stdlib\src\stm32f10x_tim.c            0x00000000   Number         0  stm32f10x_tim.o ABSOLUTE
    ..\stdlib\src\stm32f10x_usart.c          0x00000000   Number         0  stm32f10x_usart.o ABSOLUTE
    ..\stdlib\src\stm32f10x_wwdg.c           0x00000000   Number         0  stm32f10x_wwdg.o ABSOLUTE
    ..\user\api\BLUE\blu.c                   0x00000000   Number         0  blu.o ABSOLUTE
    ..\user\api\adc\adc.c                    0x00000000   Number         0  adc.o ABSOLUTE
    ..\user\api\delay\delay.c                0x00000000   Number         0  delay.o ABSOLUTE
    ..\user\api\dht11\dht11.c                0x00000000   Number         0  dht11.o ABSOLUTE
    ..\user\api\flame\flame.c                0x00000000   Number         0  flame.o ABSOLUTE
    ..\user\api\lcd\lcd.c                    0x00000000   Number         0  lcd.o ABSOLUTE
    ..\user\api\mpu6050\StepCount.c          0x00000000   Number         0  stepcount.o ABSOLUTE
    ..\user\api\mpu6050\mpu6050.c            0x00000000   Number         0  mpu6050.o ABSOLUTE
    ..\user\api\my1680\my1680.c              0x00000000   Number         0  my1680.o ABSOLUTE
    ..\user\api\nrf24l01\nrf24l01.c          0x00000000   Number         0  nrf24l01.o ABSOLUTE
    ..\user\api\openwrt\openwrt.c            0x00000000   Number         0  openwrt.o ABSOLUTE
    ..\user\api\rc522\iccard.c               0x00000000   Number         0  iccard.o ABSOLUTE
    ..\user\api\rc522\mfrc522.c              0x00000000   Number         0  mfrc522_1.o ABSOLUTE
    ..\user\api\relay\relay.c                0x00000000   Number         0  relay.o ABSOLUTE
    ..\user\api\rgb\rgb.c                    0x00000000   Number         0  rgb.o ABSOLUTE
    ..\user\api\sr04\sr04.c                  0x00000000   Number         0  sr04.o ABSOLUTE
    ..\user\api\steer\steer.c                0x00000000   Number         0  steer.o ABSOLUTE
    ..\user\api\usart1\usart1.c              0x00000000   Number         0  usart1.o ABSOLUTE
    ..\user\api\xinlv\xinlv.c                0x00000000   Number         0  xinlv.o ABSOLUTE
    ..\user\main.c                           0x00000000   Number         0  main.o ABSOLUTE
    ..\user\stm32f10x_it.c                   0x00000000   Number         0  stm32f10x_it.o ABSOLUTE
    ..\user\system_stm32f10x.c               0x00000000   Number         0  system_stm32f10x.o ABSOLUTE
    cdrcmple.s                               0x00000000   Number         0  cdrcmple.o ABSOLUTE
    cfrcmple.s                               0x00000000   Number         0  cfrcmple.o ABSOLUTE
    dc.s                                     0x00000000   Number         0  dc.o ABSOLUTE
    handlers.s                               0x00000000   Number         0  handlers.o ABSOLUTE
    init.s                                   0x00000000   Number         0  init.o ABSOLUTE
    RESET                                    0x08000000   Section      304  startup_stm32f10x_hd.o(RESET)
    .ARM.Collect$$$$00000000                 0x08000130   Section        0  entry.o(.ARM.Collect$$$$00000000)
    .ARM.Collect$$$$00000001                 0x08000130   Section        4  entry2.o(.ARM.Collect$$$$00000001)
    .ARM.Collect$$$$00000004                 0x08000134   Section        4  entry5.o(.ARM.Collect$$$$00000004)
    .ARM.Collect$$$$00000008                 0x08000138   Section        0  entry7b.o(.ARM.Collect$$$$00000008)
    .ARM.Collect$$$$0000000A                 0x08000138   Section        0  entry8b.o(.ARM.Collect$$$$0000000A)
    .ARM.Collect$$$$0000000B                 0x08000138   Section        8  entry9a.o(.ARM.Collect$$$$0000000B)
    .ARM.Collect$$$$0000000D                 0x08000140   Section        0  entry10a.o(.ARM.Collect$$$$0000000D)
    .ARM.Collect$$$$0000000F                 0x08000140   Section        0  entry11a.o(.ARM.Collect$$$$0000000F)
    .ARM.Collect$$$$00002712                 0x08000140   Section        4  entry2.o(.ARM.Collect$$$$00002712)
    __lit__00000000                          0x08000140   Data           4  entry2.o(.ARM.Collect$$$$00002712)
    .text                                    0x08000144   Section       36  startup_stm32f10x_hd.o(.text)
    .text                                    0x08000168   Section        0  memseta.o(.text)
    .text                                    0x0800018c   Section        0  dadd.o(.text)
    .text                                    0x080002da   Section        0  dmul.o(.text)
    .text                                    0x080003be   Section        0  dflti.o(.text)
    .text                                    0x080003e0   Section        0  dfixi.o(.text)
    .text                                    0x0800041e   Section        0  dfixui.o(.text)
    .text                                    0x08000450   Section        0  llshl.o(.text)
    .text                                    0x0800046e   Section        0  llushr.o(.text)
    .text                                    0x0800048e   Section        0  llsshr.o(.text)
    .text                                    0x080004b2   Section        0  iusefp.o(.text)
    .text                                    0x080004b2   Section        0  depilogue.o(.text)
    .text                                    0x0800056c   Section       36  init.o(.text)
    i.ADC_GetConversionValue                 0x08000590   Section        0  stm32f10x_adc.o(i.ADC_GetConversionValue)
    i.BusFault_Handler                       0x08000598   Section        0  stm32f10x_it.o(i.BusFault_Handler)
    i.DebugMon_Handler                       0x0800059c   Section        0  stm32f10x_it.o(i.DebugMon_Handler)
    i.Delay_ms                               0x0800059e   Section        0  delay.o(i.Delay_ms)
    i.EXTI9_5_IRQHandler                     0x08000654   Section        0  sr04.o(i.EXTI9_5_IRQHandler)
    i.EXTI_ClearITPendingBit                 0x0800068c   Section        0  stm32f10x_exti.o(i.EXTI_ClearITPendingBit)
    i.EXTI_GetITStatus                       0x08000698   Section        0  stm32f10x_exti.o(i.EXTI_GetITStatus)
    i.GPIO_Init                              0x080006c0   Section        0  stm32f10x_gpio.o(i.GPIO_Init)
    i.GPIO_PinRemapConfig                    0x080007d8   Section        0  stm32f10x_gpio.o(i.GPIO_PinRemapConfig)
    i.GPIO_ReadInputDataBit                  0x08000868   Section        0  stm32f10x_gpio.o(i.GPIO_ReadInputDataBit)
    i.GPIO_ReadOutputDataBit                 0x0800087a   Section        0  stm32f10x_gpio.o(i.GPIO_ReadOutputDataBit)
    i.GPIO_ResetBits                         0x0800088c   Section        0  stm32f10x_gpio.o(i.GPIO_ResetBits)
    i.GPIO_SetBits                           0x08000890   Section        0  stm32f10x_gpio.o(i.GPIO_SetBits)
    i.HardFault_Handler                      0x08000894   Section        0  stm32f10x_it.o(i.HardFault_Handler)
    i.LCD_Address_Set                        0x08000898   Section        0  lcd.o(i.LCD_Address_Set)
    i.LCD_Clear                              0x080008da   Section        0  lcd.o(i.LCD_Clear)
    i.LCD_Fill                               0x080008ee   Section        0  lcd.o(i.LCD_Fill)
    i.LCD_Init                               0x08000934   Section        0  lcd.o(i.LCD_Init)
    i.LCD_WR_DATA                            0x08000b34   Section        0  lcd.o(i.LCD_WR_DATA)
    i.LCD_WR_DATA8                           0x08000b46   Section        0  lcd.o(i.LCD_WR_DATA8)
    i.LCD_WR_REG                             0x08000b54   Section        0  lcd.o(i.LCD_WR_REG)
    i.LCD_Writ_Bus                           0x08000b78   Section        0  lcd.o(i.LCD_Writ_Bus)
    i.MemManage_Handler                      0x08000b9c   Section        0  stm32f10x_it.o(i.MemManage_Handler)
    i.NMI_Handler                            0x08000ba0   Section        0  stm32f10x_it.o(i.NMI_Handler)
    i.NVIC_Init                              0x08000ba4   Section        0  misc.o(i.NVIC_Init)
    i.NVIC_PriorityGroupConfig               0x08000c14   Section        0  misc.o(i.NVIC_PriorityGroupConfig)
    i.PendSV_Handler                         0x08000c28   Section        0  stm32f10x_it.o(i.PendSV_Handler)
    i.RCC_APB1PeriphClockCmd                 0x08000c2c   Section        0  stm32f10x_rcc.o(i.RCC_APB1PeriphClockCmd)
    i.RCC_APB2PeriphClockCmd                 0x08000c4c   Section        0  stm32f10x_rcc.o(i.RCC_APB2PeriphClockCmd)
    i.RCC_GetClocksFreq                      0x08000c6c   Section        0  stm32f10x_rcc.o(i.RCC_GetClocksFreq)
    i.SPI2_Init                              0x08000d40   Section        0  lcd.o(i.SPI2_Init)
    i.SPI2_ReadWriteByte                     0x08000e30   Section        0  lcd.o(i.SPI2_ReadWriteByte)
    i.SPI_Cmd                                0x08000e84   Section        0  stm32f10x_spi.o(i.SPI_Cmd)
    i.SPI_I2S_GetFlagStatus                  0x08000e9c   Section        0  stm32f10x_spi.o(i.SPI_I2S_GetFlagStatus)
    i.SPI_I2S_ReceiveData                    0x08000eae   Section        0  stm32f10x_spi.o(i.SPI_I2S_ReceiveData)
    i.SPI_I2S_SendData                       0x08000eb4   Section        0  stm32f10x_spi.o(i.SPI_I2S_SendData)
    i.SPI_Init                               0x08000eb8   Section        0  stm32f10x_spi.o(i.SPI_Init)
    i.SVC_Handler                            0x08000ef4   Section        0  stm32f10x_it.o(i.SVC_Handler)
    i.SetSysClock                            0x08000ef6   Section        0  system_stm32f10x.o(i.SetSysClock)
    SetSysClock                              0x08000ef7   Thumb Code     8  system_stm32f10x.o(i.SetSysClock)
    i.SetSysClockTo72                        0x08000f00   Section        0  system_stm32f10x.o(i.SetSysClockTo72)
    SetSysClockTo72                          0x08000f01   Thumb Code   214  system_stm32f10x.o(i.SetSysClockTo72)
    i.Sr04_CountInc                          0x08000fe0   Section        0  sr04.o(i.Sr04_CountInc)
    i.Sr04_SendTTL                           0x08000ff8   Section        0  sr04.o(i.Sr04_SendTTL)
    i.Steer_Control                          0x08001064   Section        0  steer.o(i.Steer_Control)
    i.Steer_Init                             0x08001120   Section        0  steer.o(i.Steer_Init)
    i.Steer_SetAngle                         0x08001150   Section        0  steer.o(i.Steer_SetAngle)
    i.SysTick_Handler                        0x080011f4   Section        0  delay.o(i.SysTick_Handler)
    i.SystemInit                             0x080011f8   Section        0  system_stm32f10x.o(i.SystemInit)
    i.Systick_Init                           0x08001258   Section        0  delay.o(i.Systick_Init)
    i.TIM2_IRQHandler                        0x080012b4   Section        0  sr04.o(i.TIM2_IRQHandler)
    i.TIM3_IRQHandler                        0x080012d4   Section        0  xinlv.o(i.TIM3_IRQHandler)
    i.TIM_ARRPreloadConfig                   0x080014f0   Section        0  stm32f10x_tim.o(i.TIM_ARRPreloadConfig)
    i.TIM_ClearFlag                          0x08001508   Section        0  stm32f10x_tim.o(i.TIM_ClearFlag)
    i.TIM_ClearITPendingBit                  0x0800150e   Section        0  stm32f10x_tim.o(i.TIM_ClearITPendingBit)
    i.TIM_Cmd                                0x08001514   Section        0  stm32f10x_tim.o(i.TIM_Cmd)
    i.TIM_CtrlPWMOutputs                     0x0800152c   Section        0  stm32f10x_tim.o(i.TIM_CtrlPWMOutputs)
    i.TIM_GetITStatus                        0x0800154a   Section        0  stm32f10x_tim.o(i.TIM_GetITStatus)
    i.TIM_ITConfig                           0x0800156c   Section        0  stm32f10x_tim.o(i.TIM_ITConfig)
    i.TIM_OC1Init                            0x08001580   Section        0  stm32f10x_tim.o(i.TIM_OC1Init)
    i.TIM_OC1PreloadConfig                   0x08001618   Section        0  stm32f10x_tim.o(i.TIM_OC1PreloadConfig)
    i.TIM_OC4Init                            0x0800162c   Section        0  stm32f10x_tim.o(i.TIM_OC4Init)
    i.TIM_OC4PreloadConfig                   0x080016a8   Section        0  stm32f10x_tim.o(i.TIM_OC4PreloadConfig)
    i.TIM_SetCompare1                        0x080016c2   Section        0  stm32f10x_tim.o(i.TIM_SetCompare1)
    i.TIM_SetCompare4                        0x080016c6   Section        0  stm32f10x_tim.o(i.TIM_SetCompare4)
    i.TIM_TimeBaseInit                       0x080016cc   Section        0  stm32f10x_tim.o(i.TIM_TimeBaseInit)
    i.Tim1_SteerInit                         0x08001770   Section        0  steer.o(i.Tim1_SteerInit)
    i.USART1_Config                          0x080018ec   Section        0  usart1.o(i.USART1_Config)
    i.USART2_IRQHandler                      0x08001974   Section        0  blu.o(i.USART2_IRQHandler)
    i.USART3_IRQHandler                      0x080019e4   Section        0  openwrt.o(i.USART3_IRQHandler)
    i.USART_ClearITPendingBit                0x08001a4c   Section        0  stm32f10x_usart.o(i.USART_ClearITPendingBit)
    i.USART_Cmd                              0x08001a6a   Section        0  stm32f10x_usart.o(i.USART_Cmd)
    i.USART_GetFlagStatus                    0x08001a82   Section        0  stm32f10x_usart.o(i.USART_GetFlagStatus)
    i.USART_GetITStatus                      0x08001a9c   Section        0  stm32f10x_usart.o(i.USART_GetITStatus)
    i.USART_ITConfig                         0x08001af0   Section        0  stm32f10x_usart.o(i.USART_ITConfig)
    i.USART_Init                             0x08001b3c   Section        0  stm32f10x_usart.o(i.USART_Init)
    i.UsageFault_Handler                     0x08001c14   Section        0  stm32f10x_it.o(i.UsageFault_Handler)
    i.Usart3_Config                          0x08001c18   Section        0  openwrt.o(i.Usart3_Config)
    i.WIFI_Analysis                          0x08001ce8   Section        0  openwrt.o(i.WIFI_Analysis)
    i.__scatterload_copy                     0x08001dec   Section       14  handlers.o(i.__scatterload_copy)
    i.__scatterload_null                     0x08001dfa   Section        2  handlers.o(i.__scatterload_null)
    i.__scatterload_zeroinit                 0x08001dfc   Section       14  handlers.o(i.__scatterload_zeroinit)
    i.main                                   0x08001e0c   Section        0  main.o(i.main)
    .data                                    0x20000000   Section       50  xinlv.o(.data)
    rate_y                                   0x2000002a   Data           2  xinlv.o(.data)
    rate_y_buf                               0x2000002c   Data           2  xinlv.o(.data)
    rate_y_old                               0x2000002e   Data           2  xinlv.o(.data)
    rate_x                                   0x20000030   Data           2  xinlv.o(.data)
    .data                                    0x20000032   Section        2  blu.o(.data)
    .data                                    0x20000034   Section        9  steer.o(.data)
    .data                                    0x2000003d   Section       20  stm32f10x_rcc.o(.data)
    APBAHBPrescTable                         0x2000003d   Data          16  stm32f10x_rcc.o(.data)
    ADCPrescTable                            0x2000004d   Data           4  stm32f10x_rcc.o(.data)
    .bss                                     0x20000054   Section       16  sr04.o(.bss)
    .bss                                     0x20000064   Section       40  xinlv.o(.bss)
    .bss                                     0x2000008c   Section       16  blu.o(.bss)
    .bss                                     0x2000009c   Section      259  openwrt.o(.bss)
    STACK                                    0x200001a0   Section     8192  startup_stm32f10x_hd.o(STACK)

    Global Symbols

    Symbol Name                              Value     Ov Type        Size  Object(Section)

    BuildAttributes$$THM_ISAv4$P$D$K$B$S$PE$A:L22UL41UL21$X:L11$S22US41US21$IEEE1$IW$USESV6$~STKCKD$USESV7$~SHL$OTIME$ROPI$EBA8$MICROLIB$REQ8$PRES8$EABIv2 0x00000000   Number         0  anon$$obj.o ABSOLUTE
    __ARM_use_no_argv                        0x00000000   Number         0  main.o ABSOLUTE
    _printf_a                                0x00000000   Number         0  stubs.o ABSOLUTE
    _printf_c                                0x00000000   Number         0  stubs.o ABSOLUTE
    _printf_charcount                        0x00000000   Number         0  stubs.o ABSOLUTE
    _printf_d                                0x00000000   Number         0  stubs.o ABSOLUTE
    _printf_e                                0x00000000   Number         0  stubs.o ABSOLUTE
    _printf_f                                0x00000000   Number         0  stubs.o ABSOLUTE
    _printf_flags                            0x00000000   Number         0  stubs.o ABSOLUTE
    _printf_fp_dec                           0x00000000   Number         0  stubs.o ABSOLUTE
    _printf_fp_hex                           0x00000000   Number         0  stubs.o ABSOLUTE
    _printf_g                                0x00000000   Number         0  stubs.o ABSOLUTE
    _printf_i                                0x00000000   Number         0  stubs.o ABSOLUTE
    _printf_int_dec                          0x00000000   Number         0  stubs.o ABSOLUTE
    _printf_l                                0x00000000   Number         0  stubs.o ABSOLUTE
    _printf_lc                               0x00000000   Number         0  stubs.o ABSOLUTE
    _printf_ll                               0x00000000   Number         0  stubs.o ABSOLUTE
    _printf_lld                              0x00000000   Number         0  stubs.o ABSOLUTE
    _printf_lli                              0x00000000   Number         0  stubs.o ABSOLUTE
    _printf_llo                              0x00000000   Number         0  stubs.o ABSOLUTE
    _printf_llu                              0x00000000   Number         0  stubs.o ABSOLUTE
    _printf_llx                              0x00000000   Number         0  stubs.o ABSOLUTE
    _printf_longlong_dec                     0x00000000   Number         0  stubs.o ABSOLUTE
    _printf_longlong_hex                     0x00000000   Number         0  stubs.o ABSOLUTE
    _printf_longlong_oct                     0x00000000   Number         0  stubs.o ABSOLUTE
    _printf_ls                               0x00000000   Number         0  stubs.o ABSOLUTE
    _printf_mbtowc                           0x00000000   Number         0  stubs.o ABSOLUTE
    _printf_n                                0x00000000   Number         0  stubs.o ABSOLUTE
    _printf_o                                0x00000000   Number         0  stubs.o ABSOLUTE
    _printf_p                                0x00000000   Number         0  stubs.o ABSOLUTE
    _printf_percent                          0x00000000   Number         0  stubs.o ABSOLUTE
    _printf_pre_padding                      0x00000000   Number         0  stubs.o ABSOLUTE
    _printf_return_value                     0x00000000   Number         0  stubs.o ABSOLUTE
    _printf_s                                0x00000000   Number         0  stubs.o ABSOLUTE
    _printf_sizespec                         0x00000000   Number         0  stubs.o ABSOLUTE
    _printf_str                              0x00000000   Number         0  stubs.o ABSOLUTE
    _printf_truncate_signed                  0x00000000   Number         0  stubs.o ABSOLUTE
    _printf_truncate_unsigned                0x00000000   Number         0  stubs.o ABSOLUTE
    _printf_u                                0x00000000   Number         0  stubs.o ABSOLUTE
    _printf_wc                               0x00000000   Number         0  stubs.o ABSOLUTE
    _printf_wctomb                           0x00000000   Number         0  stubs.o ABSOLUTE
    _printf_widthprec                        0x00000000   Number         0  stubs.o ABSOLUTE
    _printf_x                                0x00000000   Number         0  stubs.o ABSOLUTE
    __cpp_initialize__aeabi_                  - Undefined Weak Reference
    __cxa_finalize                            - Undefined Weak Reference
    __decompress                              - Undefined Weak Reference
    _clock_init                               - Undefined Weak Reference
    _microlib_exit                            - Undefined Weak Reference
    __Vectors_Size                           0x00000130   Number         0  startup_stm32f10x_hd.o ABSOLUTE
    __Vectors                                0x08000000   Data           4  startup_stm32f10x_hd.o(RESET)
    __Vectors_End                            0x08000130   Data           0  startup_stm32f10x_hd.o(RESET)
    __main                                   0x08000131   Thumb Code     0  entry.o(.ARM.Collect$$$$00000000)
    _main_stk                                0x08000131   Thumb Code     0  entry2.o(.ARM.Collect$$$$00000001)
    _main_scatterload                        0x08000135   Thumb Code     0  entry5.o(.ARM.Collect$$$$00000004)
    __main_after_scatterload                 0x08000139   Thumb Code     0  entry5.o(.ARM.Collect$$$$00000004)
    _main_clock                              0x08000139   Thumb Code     0  entry7b.o(.ARM.Collect$$$$00000008)
    _main_cpp_init                           0x08000139   Thumb Code     0  entry8b.o(.ARM.Collect$$$$0000000A)
    _main_init                               0x08000139   Thumb Code     0  entry9a.o(.ARM.Collect$$$$0000000B)
    __rt_final_cpp                           0x08000141   Thumb Code     0  entry10a.o(.ARM.Collect$$$$0000000D)
    __rt_final_exit                          0x08000141   Thumb Code     0  entry11a.o(.ARM.Collect$$$$0000000F)
    Reset_Handler                            0x08000145   Thumb Code     8  startup_stm32f10x_hd.o(.text)
    ADC1_2_IRQHandler                        0x0800015f   Thumb Code     0  startup_stm32f10x_hd.o(.text)
    ADC3_IRQHandler                          0x0800015f   Thumb Code     0  startup_stm32f10x_hd.o(.text)
    CAN1_RX1_IRQHandler                      0x0800015f   Thumb Code     0  startup_stm32f10x_hd.o(.text)
    CAN1_SCE_IRQHandler                      0x0800015f   Thumb Code     0  startup_stm32f10x_hd.o(.text)
    DMA1_Channel1_IRQHandler                 0x0800015f   Thumb Code     0  startup_stm32f10x_hd.o(.text)
    DMA1_Channel2_IRQHandler                 0x0800015f   Thumb Code     0  startup_stm32f10x_hd.o(.text)
    DMA1_Channel3_IRQHandler                 0x0800015f   Thumb Code     0  startup_stm32f10x_hd.o(.text)
    DMA1_Channel4_IRQHandler                 0x0800015f   Thumb Code     0  startup_stm32f10x_hd.o(.text)
    DMA1_Channel5_IRQHandler                 0x0800015f   Thumb Code     0  startup_stm32f10x_hd.o(.text)
    DMA1_Channel6_IRQHandler                 0x0800015f   Thumb Code     0  startup_stm32f10x_hd.o(.text)
    DMA1_Channel7_IRQHandler                 0x0800015f   Thumb Code     0  startup_stm32f10x_hd.o(.text)
    DMA2_Channel1_IRQHandler                 0x0800015f   Thumb Code     0  startup_stm32f10x_hd.o(.text)
    DMA2_Channel2_IRQHandler                 0x0800015f   Thumb Code     0  startup_stm32f10x_hd.o(.text)
    DMA2_Channel3_IRQHandler                 0x0800015f   Thumb Code     0  startup_stm32f10x_hd.o(.text)
    DMA2_Channel4_5_IRQHandler               0x0800015f   Thumb Code     0  startup_stm32f10x_hd.o(.text)
    EXTI0_IRQHandler                         0x0800015f   Thumb Code     0  startup_stm32f10x_hd.o(.text)
    EXTI15_10_IRQHandler                     0x0800015f   Thumb Code     0  startup_stm32f10x_hd.o(.text)
    EXTI1_IRQHandler                         0x0800015f   Thumb Code     0  startup_stm32f10x_hd.o(.text)
    EXTI2_IRQHandler                         0x0800015f   Thumb Code     0  startup_stm32f10x_hd.o(.text)
    EXTI3_IRQHandler                         0x0800015f   Thumb Code     0  startup_stm32f10x_hd.o(.text)
    EXTI4_IRQHandler                         0x0800015f   Thumb Code     0  startup_stm32f10x_hd.o(.text)
    FLASH_IRQHandler                         0x0800015f   Thumb Code     0  startup_stm32f10x_hd.o(.text)
    FSMC_IRQHandler                          0x0800015f   Thumb Code     0  startup_stm32f10x_hd.o(.text)
    I2C1_ER_IRQHandler                       0x0800015f   Thumb Code     0  startup_stm32f10x_hd.o(.text)
    I2C1_EV_IRQHandler                       0x0800015f   Thumb Code     0  startup_stm32f10x_hd.o(.text)
    I2C2_ER_IRQHandler                       0x0800015f   Thumb Code     0  startup_stm32f10x_hd.o(.text)
    I2C2_EV_IRQHandler                       0x0800015f   Thumb Code     0  startup_stm32f10x_hd.o(.text)
    PVD_IRQHandler                           0x0800015f   Thumb Code     0  startup_stm32f10x_hd.o(.text)
    RCC_IRQHandler                           0x0800015f   Thumb Code     0  startup_stm32f10x_hd.o(.text)
    RTCAlarm_IRQHandler                      0x0800015f   Thumb Code     0  startup_stm32f10x_hd.o(.text)
    RTC_IRQHandler                           0x0800015f   Thumb Code     0  startup_stm32f10x_hd.o(.text)
    SDIO_IRQHandler                          0x0800015f   Thumb Code     0  startup_stm32f10x_hd.o(.text)
    SPI1_IRQHandler                          0x0800015f   Thumb Code     0  startup_stm32f10x_hd.o(.text)
    SPI2_IRQHandler                          0x0800015f   Thumb Code     0  startup_stm32f10x_hd.o(.text)
    SPI3_IRQHandler                          0x0800015f   Thumb Code     0  startup_stm32f10x_hd.o(.text)
    TAMPER_IRQHandler                        0x0800015f   Thumb Code     0  startup_stm32f10x_hd.o(.text)
    TIM1_BRK_IRQHandler                      0x0800015f   Thumb Code     0  startup_stm32f10x_hd.o(.text)
    TIM1_CC_IRQHandler                       0x0800015f   Thumb Code     0  startup_stm32f10x_hd.o(.text)
    TIM1_TRG_COM_IRQHandler                  0x0800015f   Thumb Code     0  startup_stm32f10x_hd.o(.text)
    TIM1_UP_IRQHandler                       0x0800015f   Thumb Code     0  startup_stm32f10x_hd.o(.text)
    TIM4_IRQHandler                          0x0800015f   Thumb Code     0  startup_stm32f10x_hd.o(.text)
    TIM5_IRQHandler                          0x0800015f   Thumb Code     0  startup_stm32f10x_hd.o(.text)
    TIM6_IRQHandler                          0x0800015f   Thumb Code     0  startup_stm32f10x_hd.o(.text)
    TIM7_IRQHandler                          0x0800015f   Thumb Code     0  startup_stm32f10x_hd.o(.text)
    TIM8_BRK_IRQHandler                      0x0800015f   Thumb Code     0  startup_stm32f10x_hd.o(.text)
    TIM8_CC_IRQHandler                       0x0800015f   Thumb Code     0  startup_stm32f10x_hd.o(.text)
    TIM8_TRG_COM_IRQHandler                  0x0800015f   Thumb Code     0  startup_stm32f10x_hd.o(.text)
    TIM8_UP_IRQHandler                       0x0800015f   Thumb Code     0  startup_stm32f10x_hd.o(.text)
    UART4_IRQHandler                         0x0800015f   Thumb Code     0  startup_stm32f10x_hd.o(.text)
    UART5_IRQHandler                         0x0800015f   Thumb Code     0  startup_stm32f10x_hd.o(.text)
    USART1_IRQHandler                        0x0800015f   Thumb Code     0  startup_stm32f10x_hd.o(.text)
    USBWakeUp_IRQHandler                     0x0800015f   Thumb Code     0  startup_stm32f10x_hd.o(.text)
    USB_HP_CAN1_TX_IRQHandler                0x0800015f   Thumb Code     0  startup_stm32f10x_hd.o(.text)
    USB_LP_CAN1_RX0_IRQHandler               0x0800015f   Thumb Code     0  startup_stm32f10x_hd.o(.text)
    WWDG_IRQHandler                          0x0800015f   Thumb Code     0  startup_stm32f10x_hd.o(.text)
    __aeabi_memset                           0x08000169   Thumb Code    14  memseta.o(.text)
    __aeabi_memset4                          0x08000169   Thumb Code     0  memseta.o(.text)
    __aeabi_memset8                          0x08000169   Thumb Code     0  memseta.o(.text)
    __aeabi_memclr                           0x08000177   Thumb Code     4  memseta.o(.text)
    __aeabi_memclr4                          0x08000177   Thumb Code     0  memseta.o(.text)
    __aeabi_memclr8                          0x08000177   Thumb Code     0  memseta.o(.text)
    _memset$wrapper                          0x0800017b   Thumb Code    18  memseta.o(.text)
    __aeabi_dadd                             0x0800018d   Thumb Code   322  dadd.o(.text)
    __aeabi_dsub                             0x080002cf   Thumb Code     6  dadd.o(.text)
    __aeabi_drsub                            0x080002d5   Thumb Code     6  dadd.o(.text)
    __aeabi_dmul                             0x080002db   Thumb Code   228  dmul.o(.text)
    __aeabi_i2d                              0x080003bf   Thumb Code    34  dflti.o(.text)
    __aeabi_d2iz                             0x080003e1   Thumb Code    62  dfixi.o(.text)
    __aeabi_d2uiz                            0x0800041f   Thumb Code    50  dfixui.o(.text)
    __aeabi_llsl                             0x08000451   Thumb Code    30  llshl.o(.text)
    _ll_shift_l                              0x08000451   Thumb Code     0  llshl.o(.text)
    __aeabi_llsr                             0x0800046f   Thumb Code    32  llushr.o(.text)
    _ll_ushift_r                             0x0800046f   Thumb Code     0  llushr.o(.text)
    __aeabi_lasr                             0x0800048f   Thumb Code    36  llsshr.o(.text)
    _ll_sshift_r                             0x0800048f   Thumb Code     0  llsshr.o(.text)
    __I$use$fp                               0x080004b3   Thumb Code     0  iusefp.o(.text)
    _double_round                            0x080004b3   Thumb Code    30  depilogue.o(.text)
    _double_epilogue                         0x080004d1   Thumb Code   156  depilogue.o(.text)
    __scatterload                            0x0800056d   Thumb Code    28  init.o(.text)
    __scatterload_rt2                        0x0800056d   Thumb Code     0  init.o(.text)
    ADC_GetConversionValue                   0x08000591   Thumb Code     8  stm32f10x_adc.o(i.ADC_GetConversionValue)
    BusFault_Handler                         0x08000599   Thumb Code     4  stm32f10x_it.o(i.BusFault_Handler)
    DebugMon_Handler                         0x0800059d   Thumb Code     2  stm32f10x_it.o(i.DebugMon_Handler)
    Delay_ms                                 0x0800059f   Thumb Code   180  delay.o(i.Delay_ms)
    EXTI9_5_IRQHandler                       0x08000655   Thumb Code    48  sr04.o(i.EXTI9_5_IRQHandler)
    EXTI_ClearITPendingBit                   0x0800068d   Thumb Code     6  stm32f10x_exti.o(i.EXTI_ClearITPendingBit)
    EXTI_GetITStatus                         0x08000699   Thumb Code    34  stm32f10x_exti.o(i.EXTI_GetITStatus)
    GPIO_Init                                0x080006c1   Thumb Code   278  stm32f10x_gpio.o(i.GPIO_Init)
    GPIO_PinRemapConfig                      0x080007d9   Thumb Code   138  stm32f10x_gpio.o(i.GPIO_PinRemapConfig)
    GPIO_ReadInputDataBit                    0x08000869   Thumb Code    18  stm32f10x_gpio.o(i.GPIO_ReadInputDataBit)
    GPIO_ReadOutputDataBit                   0x0800087b   Thumb Code    18  stm32f10x_gpio.o(i.GPIO_ReadOutputDataBit)
    GPIO_ResetBits                           0x0800088d   Thumb Code     4  stm32f10x_gpio.o(i.GPIO_ResetBits)
    GPIO_SetBits                             0x08000891   Thumb Code     4  stm32f10x_gpio.o(i.GPIO_SetBits)
    HardFault_Handler                        0x08000895   Thumb Code     4  stm32f10x_it.o(i.HardFault_Handler)
    LCD_Address_Set                          0x08000899   Thumb Code    66  lcd.o(i.LCD_Address_Set)
    LCD_Clear                                0x080008db   Thumb Code    20  lcd.o(i.LCD_Clear)
    LCD_Fill                                 0x080008ef   Thumb Code    70  lcd.o(i.LCD_Fill)
    LCD_Init                                 0x08000935   Thumb Code   504  lcd.o(i.LCD_Init)
    LCD_WR_DATA                              0x08000b35   Thumb Code    18  lcd.o(i.LCD_WR_DATA)
    LCD_WR_DATA8                             0x08000b47   Thumb Code    12  lcd.o(i.LCD_WR_DATA8)
    LCD_WR_REG                               0x08000b55   Thumb Code    32  lcd.o(i.LCD_WR_REG)
    LCD_Writ_Bus                             0x08000b79   Thumb Code    32  lcd.o(i.LCD_Writ_Bus)
    MemManage_Handler                        0x08000b9d   Thumb Code     4  stm32f10x_it.o(i.MemManage_Handler)
    NMI_Handler                              0x08000ba1   Thumb Code     2  stm32f10x_it.o(i.NMI_Handler)
    NVIC_Init                                0x08000ba5   Thumb Code   100  misc.o(i.NVIC_Init)
    NVIC_PriorityGroupConfig                 0x08000c15   Thumb Code    10  misc.o(i.NVIC_PriorityGroupConfig)
    PendSV_Handler                           0x08000c29   Thumb Code     2  stm32f10x_it.o(i.PendSV_Handler)
    RCC_APB1PeriphClockCmd                   0x08000c2d   Thumb Code    26  stm32f10x_rcc.o(i.RCC_APB1PeriphClockCmd)
    RCC_APB2PeriphClockCmd                   0x08000c4d   Thumb Code    26  stm32f10x_rcc.o(i.RCC_APB2PeriphClockCmd)
    RCC_GetClocksFreq                        0x08000c6d   Thumb Code   192  stm32f10x_rcc.o(i.RCC_GetClocksFreq)
    SPI2_Init                                0x08000d41   Thumb Code   226  lcd.o(i.SPI2_Init)
    SPI2_ReadWriteByte                       0x08000e31   Thumb Code    78  lcd.o(i.SPI2_ReadWriteByte)
    SPI_Cmd                                  0x08000e85   Thumb Code    24  stm32f10x_spi.o(i.SPI_Cmd)
    SPI_I2S_GetFlagStatus                    0x08000e9d   Thumb Code    18  stm32f10x_spi.o(i.SPI_I2S_GetFlagStatus)
    SPI_I2S_ReceiveData                      0x08000eaf   Thumb Code     6  stm32f10x_spi.o(i.SPI_I2S_ReceiveData)
    SPI_I2S_SendData                         0x08000eb5   Thumb Code     4  stm32f10x_spi.o(i.SPI_I2S_SendData)
    SPI_Init                                 0x08000eb9   Thumb Code    60  stm32f10x_spi.o(i.SPI_Init)
    SVC_Handler                              0x08000ef5   Thumb Code     2  stm32f10x_it.o(i.SVC_Handler)
    Sr04_CountInc                            0x08000fe1   Thumb Code    20  sr04.o(i.Sr04_CountInc)
    Sr04_SendTTL                             0x08000ff9   Thumb Code    98  sr04.o(i.Sr04_SendTTL)
    Steer_Control                            0x08001065   Thumb Code   174  steer.o(i.Steer_Control)
    Steer_Init                               0x08001121   Thumb Code    38  steer.o(i.Steer_Init)
    Steer_SetAngle                           0x08001151   Thumb Code   140  steer.o(i.Steer_SetAngle)
    SysTick_Handler                          0x080011f5   Thumb Code     2  delay.o(i.SysTick_Handler)
    SystemInit                               0x080011f9   Thumb Code    78  system_stm32f10x.o(i.SystemInit)
    Systick_Init                             0x08001259   Thumb Code    84  delay.o(i.Systick_Init)
    TIM2_IRQHandler                          0x080012b5   Thumb Code    32  sr04.o(i.TIM2_IRQHandler)
    TIM3_IRQHandler                          0x080012d5   Thumb Code   476  xinlv.o(i.TIM3_IRQHandler)
    TIM_ARRPreloadConfig                     0x080014f1   Thumb Code    24  stm32f10x_tim.o(i.TIM_ARRPreloadConfig)
    TIM_ClearFlag                            0x08001509   Thumb Code     6  stm32f10x_tim.o(i.TIM_ClearFlag)
    TIM_ClearITPendingBit                    0x0800150f   Thumb Code     6  stm32f10x_tim.o(i.TIM_ClearITPendingBit)
    TIM_Cmd                                  0x08001515   Thumb Code    24  stm32f10x_tim.o(i.TIM_Cmd)
    TIM_CtrlPWMOutputs                       0x0800152d   Thumb Code    30  stm32f10x_tim.o(i.TIM_CtrlPWMOutputs)
    TIM_GetITStatus                          0x0800154b   Thumb Code    34  stm32f10x_tim.o(i.TIM_GetITStatus)
    TIM_ITConfig                             0x0800156d   Thumb Code    18  stm32f10x_tim.o(i.TIM_ITConfig)
    TIM_OC1Init                              0x08001581   Thumb Code   132  stm32f10x_tim.o(i.TIM_OC1Init)
    TIM_OC1PreloadConfig                     0x08001619   Thumb Code    18  stm32f10x_tim.o(i.TIM_OC1PreloadConfig)
    TIM_OC4Init                              0x0800162d   Thumb Code   114  stm32f10x_tim.o(i.TIM_OC4Init)
    TIM_OC4PreloadConfig                     0x080016a9   Thumb Code    26  stm32f10x_tim.o(i.TIM_OC4PreloadConfig)
    TIM_SetCompare1                          0x080016c3   Thumb Code     4  stm32f10x_tim.o(i.TIM_SetCompare1)
    TIM_SetCompare4                          0x080016c7   Thumb Code     6  stm32f10x_tim.o(i.TIM_SetCompare4)
    TIM_TimeBaseInit                         0x080016cd   Thumb Code   122  stm32f10x_tim.o(i.TIM_TimeBaseInit)
    Tim1_SteerInit                           0x08001771   Thumb Code   338  steer.o(i.Tim1_SteerInit)
    USART1_Config                            0x080018ed   Thumb Code   126  usart1.o(i.USART1_Config)
    USART2_IRQHandler                        0x08001975   Thumb Code    96  blu.o(i.USART2_IRQHandler)
    USART3_IRQHandler                        0x080019e5   Thumb Code    92  openwrt.o(i.USART3_IRQHandler)
    USART_ClearITPendingBit                  0x08001a4d   Thumb Code    30  stm32f10x_usart.o(i.USART_ClearITPendingBit)
    USART_Cmd                                0x08001a6b   Thumb Code    24  stm32f10x_usart.o(i.USART_Cmd)
    USART_GetFlagStatus                      0x08001a83   Thumb Code    26  stm32f10x_usart.o(i.USART_GetFlagStatus)
    USART_GetITStatus                        0x08001a9d   Thumb Code    84  stm32f10x_usart.o(i.USART_GetITStatus)
    USART_ITConfig                           0x08001af1   Thumb Code    74  stm32f10x_usart.o(i.USART_ITConfig)
    USART_Init                               0x08001b3d   Thumb Code   210  stm32f10x_usart.o(i.USART_Init)
    UsageFault_Handler                       0x08001c15   Thumb Code     4  stm32f10x_it.o(i.UsageFault_Handler)
    Usart3_Config                            0x08001c19   Thumb Code   194  openwrt.o(i.Usart3_Config)
    WIFI_Analysis                            0x08001ce9   Thumb Code   250  openwrt.o(i.WIFI_Analysis)
    __scatterload_copy                       0x08001ded   Thumb Code    14  handlers.o(i.__scatterload_copy)
    __scatterload_null                       0x08001dfb   Thumb Code     2  handlers.o(i.__scatterload_null)
    __scatterload_zeroinit                   0x08001dfd   Thumb Code    14  handlers.o(i.__scatterload_zeroinit)
    main                                     0x08001e0d   Thumb Code    84  main.o(i.main)
    Region$$Table$$Base                      0x08001e68   Number         0  anon$$obj.o(Region$$Table)
    Region$$Table$$Limit                     0x08001e88   Number         0  anon$$obj.o(Region$$Table)
    BPM                                      0x20000000   Data           4  xinlv.o(.data)
    Signal                                   0x20000004   Data           4  xinlv.o(.data)
    IBI                                      0x20000008   Data           4  xinlv.o(.data)
    Pulse                                    0x2000000c   Data           1  xinlv.o(.data)
    QS                                       0x2000000d   Data           1  xinlv.o(.data)
    sampleCounter                            0x20000010   Data           4  xinlv.o(.data)
    lastBeatTime                             0x20000014   Data           4  xinlv.o(.data)
    P                                        0x20000018   Data           4  xinlv.o(.data)
    T                                        0x2000001c   Data           4  xinlv.o(.data)
    thresh                                   0x20000020   Data           4  xinlv.o(.data)
    amp                                      0x20000024   Data           4  xinlv.o(.data)
    firstBeat                                0x20000028   Data           1  xinlv.o(.data)
    secondBeat                               0x20000029   Data           1  xinlv.o(.data)
    recvCount                                0x20000032   Data           1  blu.o(.data)
    BluValue                                 0x20000033   Data           1  blu.o(.data)
    steer1Angle                              0x20000034   Data           4  steer.o(.data)
    steer2Angle                              0x20000038   Data           4  steer.o(.data)
    SteerDir                                 0x2000003c   Data           1  steer.o(.data)
    sr04                                     0x20000054   Data          16  sr04.o(.bss)
    rate                                     0x20000064   Data          40  xinlv.o(.bss)
    blueBuff                                 0x2000008c   Data          16  blu.o(.bss)
    wifi                                     0x2000009c   Data         259  openwrt.o(.bss)
    __initial_sp                             0x200021a0   Data           0  startup_stm32f10x_hd.o(STACK)



==============================================================================

Memory Map of the image

  Image Entry point : 0x08000131

  Load Region LR_IROM1 (Base: 0x08000000, Size: 0x00001edc, Max: 0x00040000, ABSOLUTE)

    Execution Region ER_IROM1 (Exec base: 0x08000000, Load base: 0x08000000, Size: 0x00001e88, Max: 0x00040000, ABSOLUTE)

    Exec Addr    Load Addr    Size         Type   Attr      Idx    E Section Name        Object

    0x08000000   0x08000000   0x00000130   Data   RO            3    RESET               startup_stm32f10x_hd.o
    0x08000130   0x08000130   0x00000000   Code   RO         5048  * .ARM.Collect$$$$00000000  mc_w.l(entry.o)
    0x08000130   0x08000130   0x00000004   Code   RO         5338    .ARM.Collect$$$$00000001  mc_w.l(entry2.o)
    0x08000134   0x08000134   0x00000004   Code   RO         5341    .ARM.Collect$$$$00000004  mc_w.l(entry5.o)
    0x08000138   0x08000138   0x00000000   Code   RO         5343    .ARM.Collect$$$$00000008  mc_w.l(entry7b.o)
    0x08000138   0x08000138   0x00000000   Code   RO         5345    .ARM.Collect$$$$0000000A  mc_w.l(entry8b.o)
    0x08000138   0x08000138   0x00000008   Code   RO         5346    .ARM.Collect$$$$0000000B  mc_w.l(entry9a.o)
    0x08000140   0x08000140   0x00000000   Code   RO         5348    .ARM.Collect$$$$0000000D  mc_w.l(entry10a.o)
    0x08000140   0x08000140   0x00000000   Code   RO         5350    .ARM.Collect$$$$0000000F  mc_w.l(entry11a.o)
    0x08000140   0x08000140   0x00000004   Code   RO         5339    .ARM.Collect$$$$00002712  mc_w.l(entry2.o)
    0x08000144   0x08000144   0x00000024   Code   RO            4    .text               startup_stm32f10x_hd.o
    0x08000168   0x08000168   0x00000024   Code   RO         5051    .text               mc_w.l(memseta.o)
    0x0800018c   0x0800018c   0x0000014e   Code   RO         5318    .text               mf_w.l(dadd.o)
    0x080002da   0x080002da   0x000000e4   Code   RO         5320    .text               mf_w.l(dmul.o)
    0x080003be   0x080003be   0x00000022   Code   RO         5324    .text               mf_w.l(dflti.o)
    0x080003e0   0x080003e0   0x0000003e   Code   RO         5330    .text               mf_w.l(dfixi.o)
    0x0800041e   0x0800041e   0x00000032   Code   RO         5332    .text               mf_w.l(dfixui.o)
    0x08000450   0x08000450   0x0000001e   Code   RO         5357    .text               mc_w.l(llshl.o)
    0x0800046e   0x0800046e   0x00000020   Code   RO         5359    .text               mc_w.l(llushr.o)
    0x0800048e   0x0800048e   0x00000024   Code   RO         5361    .text               mc_w.l(llsshr.o)
    0x080004b2   0x080004b2   0x00000000   Code   RO         5363    .text               mc_w.l(iusefp.o)
    0x080004b2   0x080004b2   0x000000ba   Code   RO         5366    .text               mf_w.l(depilogue.o)
    0x0800056c   0x0800056c   0x00000024   Code   RO         5372    .text               mc_w.l(init.o)
    0x08000590   0x08000590   0x00000008   Code   RO         1531    i.ADC_GetConversionValue  stm32f10x_adc.o
    0x08000598   0x08000598   0x00000004   Code   RO          234    i.BusFault_Handler  stm32f10x_it.o
    0x0800059c   0x0800059c   0x00000002   Code   RO          235    i.DebugMon_Handler  stm32f10x_it.o
    0x0800059e   0x0800059e   0x000000b4   Code   RO          349    i.Delay_ms          delay.o
    0x08000652   0x08000652   0x00000002   PAD
    0x08000654   0x08000654   0x00000038   Code   RO          633    i.EXTI9_5_IRQHandler  sr04.o
    0x0800068c   0x0800068c   0x0000000c   Code   RO         2374    i.EXTI_ClearITPendingBit  stm32f10x_exti.o
    0x08000698   0x08000698   0x00000028   Code   RO         2378    i.EXTI_GetITStatus  stm32f10x_exti.o
    0x080006c0   0x080006c0   0x00000116   Code   RO         2763    i.GPIO_Init         stm32f10x_gpio.o
    0x080007d6   0x080007d6   0x00000002   PAD
    0x080007d8   0x080007d8   0x00000090   Code   RO         2765    i.GPIO_PinRemapConfig  stm32f10x_gpio.o
    0x08000868   0x08000868   0x00000012   Code   RO         2767    i.GPIO_ReadInputDataBit  stm32f10x_gpio.o
    0x0800087a   0x0800087a   0x00000012   Code   RO         2769    i.GPIO_ReadOutputDataBit  stm32f10x_gpio.o
    0x0800088c   0x0800088c   0x00000004   Code   RO         2770    i.GPIO_ResetBits    stm32f10x_gpio.o
    0x08000890   0x08000890   0x00000004   Code   RO         2771    i.GPIO_SetBits      stm32f10x_gpio.o
    0x08000894   0x08000894   0x00000004   Code   RO          236    i.HardFault_Handler  stm32f10x_it.o
    0x08000898   0x08000898   0x00000042   Code   RO          472    i.LCD_Address_Set   lcd.o
    0x080008da   0x080008da   0x00000014   Code   RO          473    i.LCD_Clear         lcd.o
    0x080008ee   0x080008ee   0x00000046   Code   RO          477    i.LCD_Fill          lcd.o
    0x08000934   0x08000934   0x00000200   Code   RO          478    i.LCD_Init          lcd.o
    0x08000b34   0x08000b34   0x00000012   Code   RO          487    i.LCD_WR_DATA       lcd.o
    0x08000b46   0x08000b46   0x0000000c   Code   RO          488    i.LCD_WR_DATA8      lcd.o
    0x08000b52   0x08000b52   0x00000002   PAD
    0x08000b54   0x08000b54   0x00000024   Code   RO          489    i.LCD_WR_REG        lcd.o
    0x08000b78   0x08000b78   0x00000024   Code   RO          490    i.LCD_Writ_Bus      lcd.o
    0x08000b9c   0x08000b9c   0x00000004   Code   RO          237    i.MemManage_Handler  stm32f10x_it.o
    0x08000ba0   0x08000ba0   0x00000002   Code   RO          238    i.NMI_Handler       stm32f10x_it.o
    0x08000ba2   0x08000ba2   0x00000002   PAD
    0x08000ba4   0x08000ba4   0x00000070   Code   RO         1468    i.NVIC_Init         misc.o
    0x08000c14   0x08000c14   0x00000014   Code   RO         1469    i.NVIC_PriorityGroupConfig  misc.o
    0x08000c28   0x08000c28   0x00000002   Code   RO          239    i.PendSV_Handler    stm32f10x_it.o
    0x08000c2a   0x08000c2a   0x00000002   PAD
    0x08000c2c   0x08000c2c   0x00000020   Code   RO         3227    i.RCC_APB1PeriphClockCmd  stm32f10x_rcc.o
    0x08000c4c   0x08000c4c   0x00000020   Code   RO         3229    i.RCC_APB2PeriphClockCmd  stm32f10x_rcc.o
    0x08000c6c   0x08000c6c   0x000000d4   Code   RO         3237    i.RCC_GetClocksFreq  stm32f10x_rcc.o
    0x08000d40   0x08000d40   0x000000f0   Code   RO          491    i.SPI2_Init         lcd.o
    0x08000e30   0x08000e30   0x00000054   Code   RO          492    i.SPI2_ReadWriteByte  lcd.o
    0x08000e84   0x08000e84   0x00000018   Code   RO         3742    i.SPI_Cmd           stm32f10x_spi.o
    0x08000e9c   0x08000e9c   0x00000012   Code   RO         3750    i.SPI_I2S_GetFlagStatus  stm32f10x_spi.o
    0x08000eae   0x08000eae   0x00000006   Code   RO         3753    i.SPI_I2S_ReceiveData  stm32f10x_spi.o
    0x08000eb4   0x08000eb4   0x00000004   Code   RO         3754    i.SPI_I2S_SendData  stm32f10x_spi.o
    0x08000eb8   0x08000eb8   0x0000003c   Code   RO         3755    i.SPI_Init          stm32f10x_spi.o
    0x08000ef4   0x08000ef4   0x00000002   Code   RO          240    i.SVC_Handler       stm32f10x_it.o
    0x08000ef6   0x08000ef6   0x00000008   Code   RO          303    i.SetSysClock       system_stm32f10x.o
    0x08000efe   0x08000efe   0x00000002   PAD
    0x08000f00   0x08000f00   0x000000e0   Code   RO          304    i.SetSysClockTo72   system_stm32f10x.o
    0x08000fe0   0x08000fe0   0x00000018   Code   RO          635    i.Sr04_CountInc     sr04.o
    0x08000ff8   0x08000ff8   0x0000006c   Code   RO          638    i.Sr04_SendTTL      sr04.o
    0x08001064   0x08001064   0x000000bc   Code   RO         1410    i.Steer_Control     steer.o
    0x08001120   0x08001120   0x00000030   Code   RO         1411    i.Steer_Init        steer.o
    0x08001150   0x08001150   0x000000a4   Code   RO         1412    i.Steer_SetAngle    steer.o
    0x080011f4   0x080011f4   0x00000002   Code   RO          351    i.SysTick_Handler   delay.o
    0x080011f6   0x080011f6   0x00000002   PAD
    0x080011f8   0x080011f8   0x00000060   Code   RO          306    i.SystemInit        system_stm32f10x.o
    0x08001258   0x08001258   0x0000005c   Code   RO          352    i.Systick_Init      delay.o
    0x080012b4   0x080012b4   0x00000020   Code   RO          639    i.TIM2_IRQHandler   sr04.o
    0x080012d4   0x080012d4   0x0000021c   Code   RO          869    i.TIM3_IRQHandler   xinlv.o
    0x080014f0   0x080014f0   0x00000018   Code   RO         3897    i.TIM_ARRPreloadConfig  stm32f10x_tim.o
    0x08001508   0x08001508   0x00000006   Code   RO         3903    i.TIM_ClearFlag     stm32f10x_tim.o
    0x0800150e   0x0800150e   0x00000006   Code   RO         3904    i.TIM_ClearITPendingBit  stm32f10x_tim.o
    0x08001514   0x08001514   0x00000018   Code   RO         3909    i.TIM_Cmd           stm32f10x_tim.o
    0x0800152c   0x0800152c   0x0000001e   Code   RO         3911    i.TIM_CtrlPWMOutputs  stm32f10x_tim.o
    0x0800154a   0x0800154a   0x00000022   Code   RO         3930    i.TIM_GetITStatus   stm32f10x_tim.o
    0x0800156c   0x0800156c   0x00000012   Code   RO         3934    i.TIM_ITConfig      stm32f10x_tim.o
    0x0800157e   0x0800157e   0x00000002   PAD
    0x08001580   0x08001580   0x00000098   Code   RO         3938    i.TIM_OC1Init       stm32f10x_tim.o
    0x08001618   0x08001618   0x00000012   Code   RO         3941    i.TIM_OC1PreloadConfig  stm32f10x_tim.o
    0x0800162a   0x0800162a   0x00000002   PAD
    0x0800162c   0x0800162c   0x0000007c   Code   RO         3953    i.TIM_OC4Init       stm32f10x_tim.o
    0x080016a8   0x080016a8   0x0000001a   Code   RO         3955    i.TIM_OC4PreloadConfig  stm32f10x_tim.o
    0x080016c2   0x080016c2   0x00000004   Code   RO         3970    i.TIM_SetCompare1   stm32f10x_tim.o
    0x080016c6   0x080016c6   0x00000006   Code   RO         3973    i.TIM_SetCompare4   stm32f10x_tim.o
    0x080016cc   0x080016cc   0x000000a4   Code   RO         3980    i.TIM_TimeBaseInit  stm32f10x_tim.o
    0x08001770   0x08001770   0x0000017c   Code   RO         1414    i.Tim1_SteerInit    steer.o
    0x080018ec   0x080018ec   0x00000088   Code   RO          431    i.USART1_Config     usart1.o
    0x08001974   0x08001974   0x00000070   Code   RO         1297    i.USART2_IRQHandler  blu.o
    0x080019e4   0x080019e4   0x00000068   Code   RO         1359    i.USART3_IRQHandler  openwrt.o
    0x08001a4c   0x08001a4c   0x0000001e   Code   RO         4454    i.USART_ClearITPendingBit  stm32f10x_usart.o
    0x08001a6a   0x08001a6a   0x00000018   Code   RO         4457    i.USART_Cmd         stm32f10x_usart.o
    0x08001a82   0x08001a82   0x0000001a   Code   RO         4460    i.USART_GetFlagStatus  stm32f10x_usart.o
    0x08001a9c   0x08001a9c   0x00000054   Code   RO         4461    i.USART_GetITStatus  stm32f10x_usart.o
    0x08001af0   0x08001af0   0x0000004a   Code   RO         4463    i.USART_ITConfig    stm32f10x_usart.o
    0x08001b3a   0x08001b3a   0x00000002   PAD
    0x08001b3c   0x08001b3c   0x000000d8   Code   RO         4464    i.USART_Init        stm32f10x_usart.o
    0x08001c14   0x08001c14   0x00000004   Code   RO          241    i.UsageFault_Handler  stm32f10x_it.o
    0x08001c18   0x08001c18   0x000000d0   Code   RO         1360    i.Usart3_Config     openwrt.o
    0x08001ce8   0x08001ce8   0x00000104   Code   RO         1361    i.WIFI_Analysis     openwrt.o
    0x08001dec   0x08001dec   0x0000000e   Code   RO         5376    i.__scatterload_copy  mc_w.l(handlers.o)
    0x08001dfa   0x08001dfa   0x00000002   Code   RO         5377    i.__scatterload_null  mc_w.l(handlers.o)
    0x08001dfc   0x08001dfc   0x0000000e   Code   RO         5378    i.__scatterload_zeroinit  mc_w.l(handlers.o)
    0x08001e0a   0x08001e0a   0x00000002   PAD
    0x08001e0c   0x08001e0c   0x0000005c   Code   RO           13    i.main              main.o
    0x08001e68   0x08001e68   0x00000020   Data   RO         5374    Region$$Table       anon$$obj.o


    Execution Region RW_IRAM1 (Exec base: 0x20000000, Load base: 0x08001e88, Size: 0x000021a0, Max: 0x0000c000, ABSOLUTE)

    Exec Addr    Load Addr    Size         Type   Attr      Idx    E Section Name        Object

    0x20000000   0x08001e88   0x00000032   Data   RW          872    .data               xinlv.o
    0x20000032   0x08001eba   0x00000002   Data   RW         1301    .data               blu.o
    0x20000034   0x08001ebc   0x00000009   Data   RW         1415    .data               steer.o
    0x2000003d   0x08001ec5   0x00000014   Data   RW         3257    .data               stm32f10x_rcc.o
    0x20000051   0x08001ed9   0x00000003   PAD
    0x20000054        -       0x00000010   Zero   RW          641    .bss                sr04.o
    0x20000064        -       0x00000028   Zero   RW          871    .bss                xinlv.o
    0x2000008c        -       0x00000010   Zero   RW         1300    .bss                blu.o
    0x2000009c        -       0x00000103   Zero   RW         1362    .bss                openwrt.o
    0x2000019f   0x08001ed9   0x00000001   PAD
    0x200001a0        -       0x00002000   Zero   RW            1    STACK               startup_stm32f10x_hd.o


==============================================================================

Image component sizes


      Code (inc. data)   RO Data    RW Data    ZI Data      Debug   Object Name

       112         16          0          2         16       1266   blu.o
       274          8          0          0          0      26407   delay.o
      1094         36          0          0          0       5762   lcd.o
        92          8          0          0          0     269260   main.o
       132         22          0          0          0       1515   misc.o
       572         48          0          0        259       2570   openwrt.o
       220         22          0          0         16       2757   sr04.o
        36          8        304          0       8192        808   startup_stm32f10x_hd.o
       780        100          0          9          0      27629   steer.o
         8          0          0          0          0       2633   stm32f10x_adc.o
        52         12          0          0          0       1040   stm32f10x_exti.o
       466          6          0          0          0       4919   stm32f10x_gpio.o
        24          0          0          0          0       3220   stm32f10x_it.o
       276         32          0         20          0       4330   stm32f10x_rcc.o
       112          0          0          0          0       3674   stm32f10x_spi.o
       636         72          0          0          0       8324   stm32f10x_tim.o
       454          6          0          0          0       5514   stm32f10x_usart.o
       328         28          0          0          0       1893   system_stm32f10x.o
       136         10          0          0          0        636   usart1.o
       540         64          0         50         40       2498   xinlv.o

    ----------------------------------------------------------------------
      6364        498        336         84       8524     376655   Object Totals
         0          0         32          0          0          0   (incl. Generated)
        20          0          0          3          1          0   (incl. Padding)

    ----------------------------------------------------------------------

      Code (inc. data)   RO Data    RW Data    ZI Data      Debug   Library Member Name

         0          0          0          0          0          0   entry.o
         0          0          0          0          0          0   entry10a.o
         0          0          0          0          0          0   entry11a.o
         8          4          0          0          0          0   entry2.o
         4          0          0          0          0          0   entry5.o
         0          0          0          0          0          0   entry7b.o
         0          0          0          0          0          0   entry8b.o
         8          4          0          0          0          0   entry9a.o
        30          0          0          0          0          0   handlers.o
        36          8          0          0          0         68   init.o
         0          0          0          0          0          0   iusefp.o
        30          0          0          0          0         68   llshl.o
        36          0          0          0          0         68   llsshr.o
        32          0          0          0          0         68   llushr.o
        36          0          0          0          0        108   memseta.o
       334          0          0          0          0        148   dadd.o
       186          0          0          0          0        176   depilogue.o
        62          0          0          0          0         80   dfixi.o
        50          0          0          0          0         76   dfixui.o
        34          0          0          0          0         76   dflti.o
       228          0          0          0          0         96   dmul.o

    ----------------------------------------------------------------------
      1116         16          0          0          0       1032   Library Totals
         2          0          0          0          0          0   (incl. Padding)

    ----------------------------------------------------------------------

      Code (inc. data)   RO Data    RW Data    ZI Data      Debug   Library Name

       220         16          0          0          0        380   mc_w.l
       894          0          0          0          0        652   mf_w.l

    ----------------------------------------------------------------------
      1116         16          0          0          0       1032   Library Totals

    ----------------------------------------------------------------------

==============================================================================


      Code (inc. data)   RO Data    RW Data    ZI Data      Debug   

      7480        514        336         84       8524     373471   Grand Totals
      7480        514        336         84       8524     373471   ELF Image Totals
      7480        514        336         84          0          0   ROM Totals

==============================================================================

    Total RO  Size (Code + RO Data)                 7816 (   7.63kB)
    Total RW  Size (RW Data + ZI Data)              8608 (   8.41kB)
    Total ROM Size (Code + RO Data + RW Data)       7900 (   7.71kB)

==============================================================================

